Archive member included to satisfy reference by file (symbol)

c:/program files (x86)/atmel/studio/7.0/toolchain/avr8/avr8-gnu-toolchain/bin/../lib/gcc/avr/5.4.0/../../../../avr/lib/avr5\libm.a(addsf3.o)
                              App/mytest.o (__subsf3)
c:/program files (x86)/atmel/studio/7.0/toolchain/avr8/avr8-gnu-toolchain/bin/../lib/gcc/avr/5.4.0/../../../../avr/lib/avr5\libm.a(addsf3x.o)
                              c:/program files (x86)/atmel/studio/7.0/toolchain/avr8/avr8-gnu-toolchain/bin/../lib/gcc/avr/5.4.0/../../../../avr/lib/avr5\libm.a(addsf3.o) (__addsf3x)
c:/program files (x86)/atmel/studio/7.0/toolchain/avr8/avr8-gnu-toolchain/bin/../lib/gcc/avr/5.4.0/../../../../avr/lib/avr5\libm.a(asin.o)
                              include/MahonyIMU.o (asin)
c:/program files (x86)/atmel/studio/7.0/toolchain/avr8/avr8-gnu-toolchain/bin/../lib/gcc/avr/5.4.0/../../../../avr/lib/avr5\libm.a(atan2.o)
                              include/MahonyIMU.o (atan2)
c:/program files (x86)/atmel/studio/7.0/toolchain/avr8/avr8-gnu-toolchain/bin/../lib/gcc/avr/5.4.0/../../../../avr/lib/avr5\libm.a(atan.o)
                              c:/program files (x86)/atmel/studio/7.0/toolchain/avr8/avr8-gnu-toolchain/bin/../lib/gcc/avr/5.4.0/../../../../avr/lib/avr5\libm.a(atan2.o) (atan)
c:/program files (x86)/atmel/studio/7.0/toolchain/avr8/avr8-gnu-toolchain/bin/../lib/gcc/avr/5.4.0/../../../../avr/lib/avr5\libm.a(cmpsf2.o)
                              App/task.o (__eqsf2)
c:/program files (x86)/atmel/studio/7.0/toolchain/avr8/avr8-gnu-toolchain/bin/../lib/gcc/avr/5.4.0/../../../../avr/lib/avr5\libm.a(divsf3.o)
                              App/mytest.o (__divsf3)
c:/program files (x86)/atmel/studio/7.0/toolchain/avr8/avr8-gnu-toolchain/bin/../lib/gcc/avr/5.4.0/../../../../avr/lib/avr5\libm.a(divsf3x.o)
                              c:/program files (x86)/atmel/studio/7.0/toolchain/avr8/avr8-gnu-toolchain/bin/../lib/gcc/avr/5.4.0/../../../../avr/lib/avr5\libm.a(divsf3.o) (__divsf3x)
c:/program files (x86)/atmel/studio/7.0/toolchain/avr8/avr8-gnu-toolchain/bin/../lib/gcc/avr/5.4.0/../../../../avr/lib/avr5\libm.a(fixsfsi.o)
                              include/balance.o (__fixsfsi)
c:/program files (x86)/atmel/studio/7.0/toolchain/avr8/avr8-gnu-toolchain/bin/../lib/gcc/avr/5.4.0/../../../../avr/lib/avr5\libm.a(fixunssfsi.o)
                              App/servo_joystick.o (__fixunssfsi)
c:/program files (x86)/atmel/studio/7.0/toolchain/avr8/avr8-gnu-toolchain/bin/../lib/gcc/avr/5.4.0/../../../../avr/lib/avr5\libm.a(floatsisf.o)
                              App/task.o (__floatunsisf)
c:/program files (x86)/atmel/studio/7.0/toolchain/avr8/avr8-gnu-toolchain/bin/../lib/gcc/avr/5.4.0/../../../../avr/lib/avr5\libm.a(fp_arccos.o)
                              c:/program files (x86)/atmel/studio/7.0/toolchain/avr8/avr8-gnu-toolchain/bin/../lib/gcc/avr/5.4.0/../../../../avr/lib/avr5\libm.a(asin.o) (__fp_arccos)
c:/program files (x86)/atmel/studio/7.0/toolchain/avr8/avr8-gnu-toolchain/bin/../lib/gcc/avr/5.4.0/../../../../avr/lib/avr5\libm.a(fp_cmp.o)
                              c:/program files (x86)/atmel/studio/7.0/toolchain/avr8/avr8-gnu-toolchain/bin/../lib/gcc/avr/5.4.0/../../../../avr/lib/avr5\libm.a(cmpsf2.o) (__fp_cmp)
c:/program files (x86)/atmel/studio/7.0/toolchain/avr8/avr8-gnu-toolchain/bin/../lib/gcc/avr/5.4.0/../../../../avr/lib/avr5\libm.a(fp_inf.o)
                              c:/program files (x86)/atmel/studio/7.0/toolchain/avr8/avr8-gnu-toolchain/bin/../lib/gcc/avr/5.4.0/../../../../avr/lib/avr5\libm.a(addsf3x.o) (__fp_inf)
c:/program files (x86)/atmel/studio/7.0/toolchain/avr8/avr8-gnu-toolchain/bin/../lib/gcc/avr/5.4.0/../../../../avr/lib/avr5\libm.a(fp_nan.o)
                              c:/program files (x86)/atmel/studio/7.0/toolchain/avr8/avr8-gnu-toolchain/bin/../lib/gcc/avr/5.4.0/../../../../avr/lib/avr5\libm.a(addsf3x.o) (__fp_nan)
c:/program files (x86)/atmel/studio/7.0/toolchain/avr8/avr8-gnu-toolchain/bin/../lib/gcc/avr/5.4.0/../../../../avr/lib/avr5\libm.a(fp_powser.o)
                              c:/program files (x86)/atmel/studio/7.0/toolchain/avr8/avr8-gnu-toolchain/bin/../lib/gcc/avr/5.4.0/../../../../avr/lib/avr5\libm.a(atan.o) (__fp_powser)
c:/program files (x86)/atmel/studio/7.0/toolchain/avr8/avr8-gnu-toolchain/bin/../lib/gcc/avr/5.4.0/../../../../avr/lib/avr5\libm.a(fp_powsodd.o)
                              c:/program files (x86)/atmel/studio/7.0/toolchain/avr8/avr8-gnu-toolchain/bin/../lib/gcc/avr/5.4.0/../../../../avr/lib/avr5\libm.a(asin.o) (__fp_powsodd)
c:/program files (x86)/atmel/studio/7.0/toolchain/avr8/avr8-gnu-toolchain/bin/../lib/gcc/avr/5.4.0/../../../../avr/lib/avr5\libm.a(fp_pscA.o)
                              c:/program files (x86)/atmel/studio/7.0/toolchain/avr8/avr8-gnu-toolchain/bin/../lib/gcc/avr/5.4.0/../../../../avr/lib/avr5\libm.a(addsf3x.o) (__fp_pscA)
[...]
Memory Configuration

Name             Origin             Length             Attributes
text             0x00000000         0x00020000         xr
data             0x00800060         0x0000ffa0         rw !x
eeprom           0x00810000         0x00010000         rw !x
fuse             0x00820000         0x00000003         rw !x
lock             0x00830000         0x00000400         rw !x
signature        0x00840000         0x00000400         rw !x
user_signatures  0x00850000         0x00000400         rw !x
*default*        0x00000000         0xffffffff

Linker script and memory map

Address of section .data set to 0x800100
LOAD C:/Program Files (x86)/Atmel/Studio/7.0/Packs/atmel/ATmega_DFP/1.3.300/gcc/dev/atmega328p/avr5/crtatmega328p.o
LOAD App/main.o
LOAD App/servo_joystick.o
LOAD App/task.o
LOAD App/mytest.o
LOAD include/balance.o
LOAD include/MahonyIMU.o
LOAD include/mpu6050.o
LOAD FreeRTOS/croutine.o
LOAD FreeRTOS/event_groups.o
LOAD FreeRTOS/heap_3.o
LOAD FreeRTOS/hooks.o
LOAD FreeRTOS/library.o
LOAD FreeRTOS/list.o
LOAD FreeRTOS/port.o
LOAD FreeRTOS/queue.o
LOAD FreeRTOS/stream_buffer.o
LOAD FreeRTOS/tasks.o
LOAD FreeRTOS/timers.o
LOAD lib/I2C_Master_C_file.o
LOAD lib/uart.o
START GROUP
LOAD c:/program files (x86)/atmel/studio/7.0/toolchain/avr8/avr8-gnu-toolchain/bin/../lib/gcc/avr/5.4.0/../../../../avr/lib/avr5\libm.a
END GROUP
LOAD c:/program files (x86)/atmel/studio/7.0/toolchain/avr8/avr8-gnu-toolchain/bin/../lib/gcc/avr/5.4.0/../../../../avr/lib/avr5\libprintf_flt.a
START GROUP
LOAD c:/program files (x86)/atmel/studio/7.0/toolchain/avr8/avr8-gnu-toolchain/bin/../lib/gcc/avr/5.4.0/avr5\libgcc.a
LOAD c:/program files (x86)/atmel/studio/7.0/toolchain/avr8/avr8-gnu-toolchain/bin/../lib/gcc/avr/5.4.0/../../../../avr/lib/avr5\libm.a
LOAD c:/program files (x86)/atmel/studio/7.0/toolchain/avr8/avr8-gnu-toolchain/bin/../lib/gcc/avr/5.4.0/../../../../avr/lib/avr5\libc.a
LOAD C:/Program Files (x86)/Atmel/Studio/7.0/Packs/atmel/ATmega_DFP/1.3.300/gcc/dev/atmega328p/avr5\libatmega328p.a
END GROUP
                0x00000000                __TEXT_REGION_ORIGIN__ = DEFINED (__TEXT_REGION_ORIGIN__)?__TEXT_REGION_ORIGIN__:0x0
                0x00800060                __DATA_REGION_ORIGIN__ = DEFINED (__DATA_REGION_ORIGIN__)?__DATA_REGION_ORIGIN__:0x800060
                0x00020000                __TEXT_REGION_LENGTH__ = DEFINED (__TEXT_REGION_LENGTH__)?__TEXT_REGION_LENGTH__:0x20000
                0x0000ffa0                __DATA_REGION_LENGTH__ = DEFINED (__DATA_REGION_LENGTH__)?__DATA_REGION_LENGTH__:0xffa0
                0x00010000                __EEPROM_REGION_LENGTH__ = DEFINED (__EEPROM_REGION_LENGTH__)?__EEPROM_REGION_LENGTH__:0x10000
                [0x00000003]                __FUSE_REGION_LENGTH__ = DEFINED (__FUSE_REGION_LENGTH__)?__FUSE_REGION_LENGTH__:0x400
                0x00000400                __LOCK_REGION_LENGTH__ = DEFINED (__LOCK_REGION_LENGTH__)?__LOCK_REGION_LENGTH__:0x400
                0x00000400                __SIGNATURE_REGION_LENGTH__ = DEFINED (__SIGNATURE_REGION_LENGTH__)?__SIGNATURE_REGION_LENGTH__:0x400
                0x00000400                __USER_SIGNATURE_REGION_LENGTH__ = DEFINED (__USER_SIGNATURE_REGION_LENGTH__)?__USER_SIGNATURE_REGION_LENGTH__:0x400

.hash
 *(.hash)

.dynsym
 *(.dynsym)

.dynstr
 *(.dynstr)

.gnu.version
 *(.gnu.version)

.gnu.version_d
 *(.gnu.version_d)

.gnu.version_r
 *(.gnu.version_r)

.rel.init
 *(.rel.init)

.rela.init
 *(.rela.init)

.rel.text
 *(.rel.text)
 *(.rel.text.*)
 *(.rel.gnu.linkonce.t*)

.rela.text
 *(.rela.text)
 *(.rela.text.*)
 *(.rela.gnu.linkonce.t*)

.rel.fini
 *(.rel.fini)

.rela.fini
 *(.rela.fini)

.rel.rodata
 *(.rel.rodata)
 *(.rel.rodata.*)
 *(.rel.gnu.linkonce.r*)

.rela.rodata
 *(.rela.rodata)
 *(.rela.rodata.*)
 *(.rela.gnu.linkonce.r*)

.rel.data
 *(.rel.data)
 *(.rel.data.*)
 *(.rel.gnu.linkonce.d*)

.rela.data
 *(.rela.data)
 *(.rela.data.*)
 *(.rela.gnu.linkonce.d*)

.rel.ctors
 *(.rel.ctors)

.rela.ctors
 *(.rela.ctors)

.rel.dtors
 *(.rel.dtors)

.rela.dtors
 *(.rela.dtors)

.rel.got
 *(.rel.got)

.rela.got
 *(.rela.got)

.rel.bss
 *(.rel.bss)

.rela.bss
 *(.rela.bss)

.rel.plt
 *(.rel.plt)

.rela.plt
 *(.rela.plt)

.text           0x00000000     0x43e6
 *(.vectors)
 .vectors       0x00000000       0x68 C:/Program Files (x86)/Atmel/Studio/7.0/Packs/atmel/ATmega_DFP/1.3.300/gcc/dev/atmega328p/avr5/crtatmega328p.o
                0x00000000                __vector_default
                0x00000000                __vectors
 *(.vectors)
 *(.progmem.gcc*)
 .progmem.gcc_sw_table.prvTimerTask
                0x00000068       0x14 FreeRTOS/timers.o
 .progmem.gcc_fplib
                0x0000007c       0x14 c:/program files (x86)/atmel/studio/7.0/toolchain/avr8/avr8-gnu-toolchain/bin/../lib/gcc/avr/5.4.0/../../../../avr/lib/avr5\libm.a(asin.o)
 .progmem.gcc_fplib
                0x00000090       0x2d c:/program files (x86)/atmel/studio/7.0/toolchain/avr8/avr8-gnu-toolchain/bin/../lib/gcc/avr/5.4.0/../../../../avr/lib/avr5\libm.a(atan.o)
 .progmem.gcc_fplib
                0x000000bd       0x28 c:/program files (x86)/atmel/studio/7.0/toolchain/avr8/avr8-gnu-toolchain/bin/../lib/gcc/avr/5.4.0/../../../../avr/lib/avr5\libm.a(fp_arccos.o)
                0x000000e6                . = ALIGN (0x2)
 *fill*         0x000000e5        0x1 
                0x000000e6                __trampolines_start = .
 *(.trampolines)
 .trampolines   0x000000e6        0x0 linker stubs
 *(.trampolines*)
                0x000000e6                __trampolines_end = .
 *libprintf_flt.a:*(.progmem.data)
 .progmem.data  0x000000e6        0x8 c:/program files (x86)/atmel/studio/7.0/toolchain/avr8/avr8-gnu-toolchain/bin/../lib/gcc/avr/5.4.0/../../../../avr/lib/avr5\libprintf_flt.a(vfprintf_flt.o)
 *libc.a:*(.progmem.data)
 .progmem.data  0x000000ee       0xfa c:/program files (x86)/atmel/studio/7.0/toolchain/avr8/avr8-gnu-toolchain/bin/../lib/gcc/avr/5.4.0/../../../../avr/lib/avr5\libc.a(ftoa_engine.o)
 *(.progmem*)
                0x000001e8                . = ALIGN (0x2)
 *(.jumptables)
 *(.jumptables*)
 *(.lowtext)
 *(.lowtext*)
                0x000001e8                __ctors_start = .
 *(.ctors)
                0x000001e8                __ctors_end = .
                0x000001e8                __dtors_start = .
 *(.dtors)
                0x000001e8                __dtors_end = .
 SORT(*)(.ctors)
 SORT(*)(.dtors)
 *(.init0)
 .init0         0x000001e8        0x0 C:/Program Files (x86)/Atmel/Studio/7.0/Packs/atmel/ATmega_DFP/1.3.300/gcc/dev/atmega328p/avr5/crtatmega328p.o
                0x000001e8                __init
 *(.init0)
 *(.init1)
 *(.init1)
 *(.init2)
 .init2         0x000001e8        0xc C:/Program Files (x86)/Atmel/Studio/7.0/Packs/atmel/ATmega_DFP/1.3.300/gcc/dev/atmega328p/avr5/crtatmega328p.o
 *(.init2)
 *(.init3)
 *(.init3)
 *(.init4)
 .init4         0x000001f4       0x16 c:/program files (x86)/atmel/studio/7.0/toolchain/avr8/avr8-gnu-toolchain/bin/../lib/gcc/avr/5.4.0/avr5\libgcc.a(_copy_data.o)
                0x000001f4                __do_copy_data
 .init4         0x0000020a       0x10 c:/program files (x86)/atmel/studio/7.0/toolchain/avr8/avr8-gnu-toolchain/bin/../lib/gcc/avr/5.4.0/avr5\libgcc.a(_clear_bss.o)
                0x0000020a                __do_clear_bss
 *(.init4)
 *(.init5)
 *(.init5)
 *(.init6)
 *(.init6)
 *(.init7)
 *(.init7)
 *(.init8)
 *(.init8)
 *(.init9)
 .init9         0x0000021a        0x8 C:/Program Files (x86)/Atmel/Studio/7.0/Packs/atmel/ATmega_DFP/1.3.300/gcc/dev/atmega328p/avr5/crtatmega328p.o
 *(.init9)
 *(.text)
 .text          0x00000222        0x4 C:/Program Files (x86)/Atmel/Studio/7.0/Packs/atmel/ATmega_DFP/1.3.300/gcc/dev/atmega328p/avr5/crtatmega328p.o
                0x00000222                __vector_22
                0x00000222                __vector_1
                0x00000222                __vector_24
                0x00000222                __vector_12
                0x00000222                __bad_interrupt
                0x00000222                __vector_3
                0x00000222                __vector_23
                0x00000222                __vector_25
                0x00000222                __vector_11
                0x00000222                __vector_13
                0x00000222                __vector_17
                0x00000222                __vector_19
                0x00000222                __vector_7
                0x00000222                __vector_5
                0x00000222                __vector_4
                0x00000222                __vector_9
                0x00000222                __vector_2
                0x00000222                __vector_21
                0x00000222                __vector_15
                0x00000222                __vector_8
                0x00000222                __vector_14
                0x00000222                __vector_10
                0x00000222                __vector_16
                0x00000222                __vector_18
                0x00000222                __vector_20
                0x00000226                . = ALIGN (0x2)
 *(.text.*)
 .text.main     0x00000226       0x40 App/main.o
                0x00000226                main
 .text.ADC_Init
                0x00000266       0x80 App/servo_joystick.o
                0x00000266                ADC_Init
 .text.deg_to_servo1
                0x000002e6       0x32 App/servo_joystick.o
                0x000002e6                deg_to_servo1
 .text.deg_to_servo2
                0x00000318       0x32 App/servo_joystick.o
                0x00000318                deg_to_servo2
 .text.initialize_pwm_2servos
                0x0000034a       0x6a App/servo_joystick.o
                0x0000034a                initialize_pwm_2servos
 .text.initialize_pwm_joyservo
                0x000003b4       0x3c App/servo_joystick.o
                0x000003b4                initialize_pwm_joyservo
 .text.vMahonyTaskFunction
                0x000003f0      0x126 App/task.o
                0x000003f0                vMahonyTaskFunction
 .text.vADCTaskFunction
                0x00000516      0x108 App/task.o
                0x00000516                vADCTaskFunction
 .text.vMPU6050TaskFunction
                0x0000061e       0x2c App/task.o
                0x0000061e                vMPU6050TaskFunction
 .text.vControlTaskFunction
                0x0000064a       0x28 App/task.o
                0x0000064a                vControlTaskFunction
 .text.MytaskCreate
                0x00000672       0x6a App/task.o
                0x00000672                MytaskCreate
 .text.BalanceControl
                0x000006dc      0x154 include/balance.o
                0x000006dc                BalanceControl
 .text.invSqrt  0x00000830       0x76 include/MahonyIMU.o
                0x00000830                invSqrt
 .text.MahonyAHRSupdateIMU
                0x000008a6      0x688 include/MahonyIMU.o
                0x000008a6                MahonyAHRSupdateIMU
 .text.q2Angle  0x00000f2e      0x276 include/MahonyIMU.o
                0x00000f2e                q2Angle
 .text.MPU_Start_Loc
                0x000011a4       0x14 include/mpu6050.o
                0x000011a4                MPU_Start_Loc
 .text.MPU_read
                0x000011b8      0x23a include/mpu6050.o
                0x000011b8                MPU_read
 .text.MPU_Calib
                0x000013f2      0x198 include/mpu6050.o
                0x000013f2                MPU_Calib
 .text.MPU_Init
                0x0000158a       0x9e include/mpu6050.o
                0x0000158a                MPU_Init
 .text.pvPortMalloc
                0x00001628       0x26 FreeRTOS/heap_3.o
                0x00001628                pvPortMalloc
 .text.vPortFree
                0x0000164e       0x1e FreeRTOS/heap_3.o
                0x0000164e                vPortFree
 .text.vApplicationIdleHook
                0x0000166c       0x38 FreeRTOS/hooks.o
                0x0000166c                vApplicationIdleHook
 .text.vApplicationMallocFailedHook
                0x000016a4       0x14 FreeRTOS/hooks.o
                0x000016a4                vApplicationMallocFailedHook
 .text.vApplicationStackOverflowHook
                0x000016b8       0x1a FreeRTOS/hooks.o
                0x000016b8                vApplicationStackOverflowHook
 .text.vListInitialise
                0x000016d2       0x1c FreeRTOS/list.o
                0x000016d2                vListInitialise
 .text.vListInitialiseItem
                0x000016ee        0x8 FreeRTOS/list.o
                0x000016ee                vListInitialiseItem
 .text.vListInsertEnd
                0x000016f6       0x42 FreeRTOS/list.o
                0x000016f6                vListInsertEnd
 .text.vListInsert
                0x00001738       0x62 FreeRTOS/list.o
                0x00001738                vListInsert
 .text.uxListRemove
                0x0000179a       0x4e FreeRTOS/list.o
                0x0000179a                uxListRemove
 .text.pxPortInitialiseStack
                0x000017e8       0x22 FreeRTOS/port.o
                0x000017e8                pxPortInitialiseStack
 .text.xPortStartScheduler
                0x0000180a       0x70 FreeRTOS/port.o
                0x0000180a                xPortStartScheduler
 .text.vPortYield
                0x0000187a       0xb2 FreeRTOS/port.o
                0x0000187a                vPortYield
 .text.vPortYieldFromTick
                0x0000192c       0xba FreeRTOS/port.o
                0x0000192c                vPortYieldFromTick
 .text.__vector_6
                0x000019e6        0x6 FreeRTOS/port.o
                0x000019e6                __vector_6
 .text.prvIsQueueEmpty
                0x000019ec       0x16 FreeRTOS/queue.o
 .text.prvCopyDataToQueue
                0x00001a02       0xbe FreeRTOS/queue.o
 .text.prvCopyDataFromQueue
                0x00001ac0       0x34 FreeRTOS/queue.o
 .text.prvUnlockQueue
                0x00001af4       0x9a FreeRTOS/queue.o
 .text.xQueueGenericReset
                0x00001b8e       0x8c FreeRTOS/queue.o
                0x00001b8e                xQueueGenericReset
 .text.xQueueGenericCreate
                0x00001c1a       0x46 FreeRTOS/queue.o
                0x00001c1a                xQueueGenericCreate
 .text.xQueueGenericSend
                0x00001c60      0x142 FreeRTOS/queue.o
                0x00001c60                xQueueGenericSend
 .text.xQueueGenericSendFromISR
                0x00001da2       0x78 FreeRTOS/queue.o
                0x00001da2                xQueueGenericSendFromISR
 .text.xQueueReceive
                0x00001e1a      0x132 FreeRTOS/queue.o
                0x00001e1a                xQueueReceive
 .text.vQueueWaitForMessageRestricted
                0x00001f4c       0x3a FreeRTOS/queue.o
                0x00001f4c                vQueueWaitForMessageRestricted
 .text.prvResetNextTaskUnblockTime
                0x00001f86       0x3e FreeRTOS/tasks.o
 .text.prvAddCurrentTaskToDelayedList
                0x00001fc4       0xb0 FreeRTOS/tasks.o
 .text.prvIdleTask
                0x00002074       0x74 FreeRTOS/tasks.o
 .text.xTaskCreate
                0x000020e8      0x238 FreeRTOS/tasks.o
                0x000020e8                xTaskCreate
 .text.vTaskStartScheduler
                0x00002320       0x5c FreeRTOS/tasks.o
                0x00002320                vTaskStartScheduler
 .text.vTaskSuspendAll
                0x0000237c        0xc FreeRTOS/tasks.o
                0x0000237c                vTaskSuspendAll
 .text.xTaskGetTickCount
                0x00002388       0x14 FreeRTOS/tasks.o
                0x00002388                xTaskGetTickCount
 .text.xTaskIncrementTick
                0x0000239c      0x17e FreeRTOS/tasks.o
                0x0000239c                xTaskIncrementTick
 .text.xTaskResumeAll
                0x0000251a      0x106 FreeRTOS/tasks.o
                0x0000251a                xTaskResumeAll
 .text.vTaskDelayUntil
                0x00002620       0x7c FreeRTOS/tasks.o
                0x00002620                vTaskDelayUntil
 .text.vTaskSwitchContext
                0x0000269c      0x102 FreeRTOS/tasks.o
                0x0000269c                vTaskSwitchContext
 .text.vTaskPlaceOnEventList
                0x0000279e       0x24 FreeRTOS/tasks.o
                0x0000279e                vTaskPlaceOnEventList
 .text.vTaskPlaceOnEventListRestricted
                0x000027c2       0x32 FreeRTOS/tasks.o
                0x000027c2                vTaskPlaceOnEventListRestricted
 .text.xTaskRemoveFromEventList
                0x000027f4       0x90 FreeRTOS/tasks.o
                0x000027f4                xTaskRemoveFromEventList
 .text.vTaskInternalSetTimeOutState
                0x00002884       0x16 FreeRTOS/tasks.o
                0x00002884                vTaskInternalSetTimeOutState
 .text.xTaskCheckForTimeOut
                0x0000289a       0x6c FreeRTOS/tasks.o
                0x0000289a                xTaskCheckForTimeOut
 .text.vTaskMissedYield
                0x00002906        0x8 FreeRTOS/tasks.o
                0x00002906                vTaskMissedYield
 .text.xTaskGetSchedulerState
                0x0000290e       0x1c FreeRTOS/tasks.o
                0x0000290e                xTaskGetSchedulerState
 .text.xTaskPriorityDisinherit
                0x0000292a       0x80 FreeRTOS/tasks.o
                0x0000292a                xTaskPriorityDisinherit
 .text.prvInsertTimerInActiveList
                0x000029aa       0x5e FreeRTOS/timers.o
 .text.prvCheckForValidListAndQueue
                0x00002a08       0x52 FreeRTOS/timers.o
 .text.xTimerCreateTimerTask
                0x00002a5a       0x44 FreeRTOS/timers.o
                0x00002a5a                xTimerCreateTimerTask
 .text.xTimerGenericCommand
                0x00002a9e       0x90 FreeRTOS/timers.o
                0x00002a9e                xTimerGenericCommand
 .text.prvSampleTimeNow
                0x00002b2e       0xe0 FreeRTOS/timers.o
 .text.prvTimerTask
                0x00002c0e      0x212 FreeRTOS/timers.o
 .text.I2C_Init
                0x00002e20        0xc lib/I2C_Master_C_file.o
                0x00002e20                I2C_Init
 .text.I2C_Repeated_Start
                0x00002e2c       0x4c lib/I2C_Master_C_file.o
                0x00002e2c                I2C_Repeated_Start
 .text.I2C_Stop
                0x00002e78       0x12 lib/I2C_Master_C_file.o
                0x00002e78                I2C_Stop
 .text.I2C_Start_Wait
                0x00002e8a       0x78 lib/I2C_Master_C_file.o
                0x00002e8a                I2C_Start_Wait
 .text.I2C_Write
                0x00002f02       0x2e lib/I2C_Master_C_file.o
                0x00002f02                I2C_Write
 .text.I2C_Read_Ack
                0x00002f30       0x16 lib/I2C_Master_C_file.o
                0x00002f30                I2C_Read_Ack
 .text.I2C_Read_Nack
                0x00002f46       0x16 lib/I2C_Master_C_file.o
                0x00002f46                I2C_Read_Nack
 .text.UART_init
                0x00002f5c       0x1e lib/uart.o
                0x00002f5c                UART_init
 .text.UART_send
                0x00002f7a       0x10 lib/uart.o
                0x00002f7a                UART_send
 .text.UART_putstring
                0x00002f8a       0x1e lib/uart.o
                0x00002f8a                UART_putstring
 .text.avr-libc.fplib
                0x00002fa8        0xe c:/program files (x86)/atmel/studio/7.0/toolchain/avr8/avr8-gnu-toolchain/bin/../lib/gcc/avr/5.4.0/../../../../avr/lib/avr5\libm.a(addsf3.o)
                0x00002fa8                __subsf3
                0x00002faa                __addsf3
 .text.avr-libc.fplib
                0x00002fb6       0xcc c:/program files (x86)/atmel/studio/7.0/toolchain/avr8/avr8-gnu-toolchain/bin/../lib/gcc/avr/5.4.0/../../../../avr/lib/avr5\libm.a(addsf3x.o)
                0x00002fd8                __addsf3x
 .text.avr-libc.fplib
                0x00003082       0x36 c:/program files (x86)/atmel/studio/7.0/toolchain/avr8/avr8-gnu-toolchain/bin/../lib/gcc/avr/5.4.0/../../../../avr/lib/avr5\libm.a(asin.o)
                0x00003082                asin
 .text.avr-libc.fplib
                0x000030b8       0x86 c:/program files (x86)/atmel/studio/7.0/toolchain/avr8/avr8-gnu-toolchain/bin/../lib/gcc/avr/5.4.0/../../../../avr/lib/avr5\libm.a(atan2.o)
                0x000030de                atan2
 .text.avr-libc.fplib
                0x0000313e       0x5e c:/program files (x86)/atmel/studio/7.0/toolchain/avr8/avr8-gnu-toolchain/bin/../lib/gcc/avr/5.4.0/../../../../avr/lib/avr5\libm.a(atan.o)
                0x0000313e                atan
 .text.avr-libc.fplib
                0x0000319c        0xa c:/program files (x86)/atmel/studio/7.0/toolchain/avr8/avr8-gnu-toolchain/bin/../lib/gcc/avr/5.4.0/../../../../avr/lib/avr5\libm.a(cmpsf2.o)
                0x0000319c                __nesf2
                0x0000319c                __eqsf2
                0x0000319c                __cmpsf2
                0x0000319c                __ltsf2
                0x0000319c                __lesf2
 .text.avr-libc.fplib
                0x000031a6        0x8 c:/program files (x86)/atmel/studio/7.0/toolchain/avr8/avr8-gnu-toolchain/bin/../lib/gcc/avr/5.4.0/../../../../avr/lib/avr5\libm.a(divsf3.o)
                0x000031a6                __divsf3
 .text.avr-libc.fplib
                0x000031ae       0xdc c:/program files (x86)/atmel/studio/7.0/toolchain/avr8/avr8-gnu-toolchain/bin/../lib/gcc/avr/5.4.0/../../../../avr/lib/avr5\libm.a(divsf3x.o)
                0x000031ce                __divsf3x
                0x000031d4                __divsf3_pse
 .text.avr-libc.fplib
                0x0000328a        0xe c:/program files (x86)/atmel/studio/7.0/toolchain/avr8/avr8-gnu-toolchain/bin/../lib/gcc/avr/5.4.0/../../../../avr/lib/avr5\libm.a(fixsfsi.o)
                0x0000328a                __fixsfsi
 .text.avr-libc.fplib
                0x00003298       0x5e c:/program files (x86)/atmel/studio/7.0/toolchain/avr8/avr8-gnu-toolchain/bin/../lib/gcc/avr/5.4.0/../../../../avr/lib/avr5\libm.a(fixunssfsi.o)
                0x00003298                __fixunssfsi
 .text.avr-libc.fplib
                0x000032f6       0x7a c:/program files (x86)/atmel/studio/7.0/toolchain/avr8/avr8-gnu-toolchain/bin/../lib/gcc/avr/5.4.0/../../../../avr/lib/avr5\libm.a(floatsisf.o)
                0x000032f6                __floatunsisf
                0x000032fa                __floatsisf
 .text.avr-libc.fplib
                0x00003370       0x40 c:/program files (x86)/atmel/studio/7.0/toolchain/avr8/avr8-gnu-toolchain/bin/../lib/gcc/avr/5.4.0/../../../../avr/lib/avr5\libm.a(fp_arccos.o)
                0x00003370                __fp_arccos
 .text.avr-libc.fplib
                0x000033b0       0x48 c:/program files (x86)/atmel/studio/7.0/toolchain/avr8/avr8-gnu-toolchain/bin/../lib/gcc/avr/5.4.0/../../../../avr/lib/avr5\libm.a(fp_cmp.o)
                0x000033b0                __fp_cmp
 .text.avr-libc.fplib
                0x000033f8        0xc c:/program files (x86)/atmel/studio/7.0/toolchain/avr8/avr8-gnu-toolchain/bin/../lib/gcc/avr/5.4.0/../../../../avr/lib/avr5\libm.a(fp_inf.o)
                0x000033f8                __fp_inf
 .text.avr-libc.fplib
                0x00003404        0x6 c:/program files (x86)/atmel/studio/7.0/toolchain/avr8/avr8-gnu-toolchain/bin/../lib/gcc/avr/5.4.0/../../../../avr/lib/avr5\libm.a(fp_nan.o)
                0x00003404                __fp_nan
 .text.avr-libc.fplib
                0x0000340a       0x4e c:/program files (x86)/atmel/studio/7.0/toolchain/avr8/avr8-gnu-toolchain/bin/../lib/gcc/avr/5.4.0/../../../../avr/lib/avr5\libm.a(fp_powser.o)
                0x0000340a                __fp_powser
 .text.avr-libc.fplib
                0x00003458       0x28 c:/program files (x86)/atmel/studio/7.0/toolchain/avr8/avr8-gnu-toolchain/bin/../lib/gcc/avr/5.4.0/../../../../avr/lib/avr5\libm.a(fp_powsodd.o)
                0x00003458                __fp_powsodd
 .text.avr-libc.fplib
                0x00003480        0xe c:/program files (x86)/atmel/studio/7.0/toolchain/avr8/avr8-gnu-toolchain/bin/../lib/gcc/avr/5.4.0/../../../../avr/lib/avr5\libm.a(fp_pscA.o)
                0x00003480                __fp_pscA
 .text.avr-libc.fplib
                0x0000348e        0xe c:/program files (x86)/atmel/studio/7.0/toolchain/avr8/avr8-gnu-toolchain/bin/../lib/gcc/avr/5.4.0/../../../../avr/lib/avr5\libm.a(fp_pscB.o)
                0x0000348e                __fp_pscB
 .text.avr-libc.fplib
                0x0000349c       0x22 c:/program files (x86)/atmel/studio/7.0/toolchain/avr8/avr8-gnu-toolchain/bin/../lib/gcc/avr/5.4.0/../../../../avr/lib/avr5\libm.a(fp_round.o)
                0x0000349c                __fp_round
 .text.avr-libc.fplib
                0x000034be       0x44 c:/program files (x86)/atmel/studio/7.0/toolchain/avr8/avr8-gnu-toolchain/bin/../lib/gcc/avr/5.4.0/../../../../avr/lib/avr5\libm.a(fp_split3.o)
                0x000034be                __fp_split3
                0x000034ce                __fp_splitA
 .text.avr-libc.fplib
                0x00003502        0xe c:/program files (x86)/atmel/studio/7.0/toolchain/avr8/avr8-gnu-toolchain/bin/../lib/gcc/avr/5.4.0/../../../../avr/lib/avr5\libm.a(fp_zero.o)
                0x00003502                __fp_zero
                0x00003504                __fp_szero
 .text.avr-libc.fplib
                0x00003510       0x10 c:/program files (x86)/atmel/studio/7.0/toolchain/avr8/avr8-gnu-toolchain/bin/../lib/gcc/avr/5.4.0/../../../../avr/lib/avr5\libm.a(inverse.o)
                0x00003510                inverse
 .text.avr-libc.fplib
                0x00003520        0x8 c:/program files (x86)/atmel/studio/7.0/toolchain/avr8/avr8-gnu-toolchain/bin/../lib/gcc/avr/5.4.0/../../../../avr/lib/avr5\libm.a(mulsf3.o)
                0x00003520                __mulsf3
 .text.avr-libc.fplib
                0x00003528       0xd2 c:/program files (x86)/atmel/studio/7.0/toolchain/avr8/avr8-gnu-toolchain/bin/../lib/gcc/avr/5.4.0/../../../../avr/lib/avr5\libm.a(mulsf3x.o)
                0x00003546                __mulsf3x
                0x0000354c                __mulsf3_pse
 .text.avr-libc.fplib
                0x000035fa       0x8c c:/program files (x86)/atmel/studio/7.0/toolchain/avr8/avr8-gnu-toolchain/bin/../lib/gcc/avr/5.4.0/../../../../avr/lib/avr5\libm.a(sqrt.o)
                0x00003606                sqrtf
                0x00003606                sqrt
 .text.avr-libc.fplib
                0x00003686        0x8 c:/program files (x86)/atmel/studio/7.0/toolchain/avr8/avr8-gnu-toolchain/bin/../lib/gcc/avr/5.4.0/../../../../avr/lib/avr5\libm.a(square.o)
                0x00003686                square
 .text.avr-libc.fplib
                0x0000368e       0x1c c:/program files (x86)/atmel/studio/7.0/toolchain/avr8/avr8-gnu-toolchain/bin/../lib/gcc/avr/5.4.0/../../../../avr/lib/avr5\libm.a(fp_mpack.o)
                0x0000368e                __fp_mpack
                0x00003692                __fp_mpack_finite
 .text.avr-libc.fplib
                0x000036aa        0xe c:/program files (x86)/atmel/studio/7.0/toolchain/avr8/avr8-gnu-toolchain/bin/../lib/gcc/avr/5.4.0/../../../../avr/lib/avr5\libm.a(fp_norm2.o)
                0x000036aa                __fp_norm2
 .text.avr-libc
                0x000036b8      0x6fa c:/program files (x86)/atmel/studio/7.0/toolchain/avr8/avr8-gnu-toolchain/bin/../lib/gcc/avr/5.4.0/../../../../avr/lib/avr5\libprintf_flt.a(vfprintf_flt.o)
                0x000036b8                vfprintf
 .text.libgcc   0x00003db2        0xc c:/program files (x86)/atmel/studio/7.0/toolchain/avr8/avr8-gnu-toolchain/bin/../lib/gcc/avr/5.4.0/avr5\libgcc.a(_tablejump2.o)
                0x00003db2                __tablejump2__
 .text.libgcc.prologue
                0x00003dbe       0x38 c:/program files (x86)/atmel/studio/7.0/toolchain/avr8/avr8-gnu-toolchain/bin/../lib/gcc/avr/5.4.0/avr5\libgcc.a(_prologue.o)
                0x00003dbe                __prologue_saves__
 .text.libgcc.prologue
                0x00003df6       0x36 c:/program files (x86)/atmel/studio/7.0/toolchain/avr8/avr8-gnu-toolchain/bin/../lib/gcc/avr/5.4.0/avr5\libgcc.a(_epilogue.o)
                0x00003df6                __epilogue_restores__
 .text.avr-libc
                0x00003e2c      0x242 c:/program files (x86)/atmel/studio/7.0/toolchain/avr8/avr8-gnu-toolchain/bin/../lib/gcc/avr/5.4.0/../../../../avr/lib/avr5\libc.a(malloc.o)
                0x00003e2c                malloc
                0x00003f5c                free
 .text.avr-libc
                0x0000406e      0x1b0 c:/program files (x86)/atmel/studio/7.0/toolchain/avr8/avr8-gnu-toolchain/bin/../lib/gcc/avr/5.4.0/../../../../avr/lib/avr5\libc.a(ftoa_engine.o)
                0x0000406e                __ftoa_engine
 .text.avr-libc
                0x0000421e       0x16 c:/program files (x86)/atmel/studio/7.0/toolchain/avr8/avr8-gnu-toolchain/bin/../lib/gcc/avr/5.4.0/../../../../avr/lib/avr5\libc.a(strnlen_P.o)
                0x0000421e                strnlen_P
 .text.avr-libc
                0x00004234       0x12 c:/program files (x86)/atmel/studio/7.0/toolchain/avr8/avr8-gnu-toolchain/bin/../lib/gcc/avr/5.4.0/../../../../avr/lib/avr5\libc.a(memcpy.o)
                0x00004234                memcpy
 .text.avr-libc
                0x00004246        0xe c:/program files (x86)/atmel/studio/7.0/toolchain/avr8/avr8-gnu-toolchain/bin/../lib/gcc/avr/5.4.0/../../../../avr/lib/avr5\libc.a(memset.o)
                0x00004246                memset
 .text.avr-libc
                0x00004254       0x16 c:/program files (x86)/atmel/studio/7.0/toolchain/avr8/avr8-gnu-toolchain/bin/../lib/gcc/avr/5.4.0/../../../../avr/lib/avr5\libc.a(strnlen.o)
                0x00004254                strnlen
 .text.avr-libc
                0x0000426a       0x78 c:/program files (x86)/atmel/studio/7.0/toolchain/avr8/avr8-gnu-toolchain/bin/../lib/gcc/avr/5.4.0/../../../../avr/lib/avr5\libc.a(fputc.o)
                0x0000426a                fputc
 .text.avr-libc
                0x000042e2       0x44 c:/program files (x86)/atmel/studio/7.0/toolchain/avr8/avr8-gnu-toolchain/bin/../lib/gcc/avr/5.4.0/../../../../avr/lib/avr5\libc.a(sprintf.o)
                0x000042e2                sprintf
 .text.avr-libc
                0x00004326       0xbc c:/program files (x86)/atmel/studio/7.0/toolchain/avr8/avr8-gnu-toolchain/bin/../lib/gcc/avr/5.4.0/../../../../avr/lib/avr5\libc.a(ultoa_invert.o)
                0x00004326                __ultoa_invert
                0x000043e2                . = ALIGN (0x2)
 *(.fini9)
 .fini9         0x000043e2        0x0 c:/program files (x86)/atmel/studio/7.0/toolchain/avr8/avr8-gnu-toolchain/bin/../lib/gcc/avr/5.4.0/avr5\libgcc.a(_exit.o)
                0x000043e2                _exit
                0x000043e2                exit
 *(.fini9)
 *(.fini8)
 *(.fini8)
 *(.fini7)
 *(.fini7)
 *(.fini6)
 *(.fini6)
 *(.fini5)
 *(.fini5)
 *(.fini4)
 *(.fini4)
 *(.fini3)
 *(.fini3)
 *(.fini2)
 *(.fini2)
 *(.fini1)
 *(.fini1)
 *(.fini0)
 .fini0         0x000043e2        0x4 c:/program files (x86)/atmel/studio/7.0/toolchain/avr8/avr8-gnu-toolchain/bin/../lib/gcc/avr/5.4.0/avr5\libgcc.a(_exit.o)
 *(.fini0)
                0x000043e6                _etext = .

.data           0x00800100       0x7c load address 0x000043e6
                0x00800100                PROVIDE (__data_start, .)
 *(.data)
 .data          0x00800100        0x6 c:/program files (x86)/atmel/studio/7.0/toolchain/avr8/avr8-gnu-toolchain/bin/../lib/gcc/avr/5.4.0/../../../../avr/lib/avr5\libc.a(malloc.o)
                0x00800100                __malloc_heap_end
                0x00800102                __malloc_heap_start
                0x00800104                __malloc_margin
 *(.data*)
 .data.q0       0x00800106        0x4 include/MahonyIMU.o
                0x00800106                q0
 .data.GyroData
                0x0080010a        0xc include/mpu6050.o
                0x0080010a                GyroData
 .data.AccData  0x00800116        0xc include/mpu6050.o
                0x00800116                AccData
 *(.gnu.linkonce.d*)
 *(.rodata)
 *(.rodata*)
 .rodata.str1.1
                0x00800122        0x8 App/main.o
 .rodata.str1.1
                0x0080012a       0x45 App/task.o
 .rodata.str1.1
                0x0080016f        0x5 FreeRTOS/tasks.o
 .rodata.str1.1
                0x00800174        0x8 FreeRTOS/timers.o
 *(.gnu.linkonce.r*)
                0x0080017c                . = ALIGN (0x2)
                0x0080017c                _edata = .
                0x0080017c                PROVIDE (__data_end, .)

.bss            0x0080017c       0xfd
                0x0080017c                PROVIDE (__bss_start, .)
 *(.bss)
 *(.bss*)
 .bss.PIDParaY  0x0080017c        0x8 include/balance.o
                0x0080017c                PIDParaY
 .bss.PIDParaX  0x00800184        0x8 include/balance.o
                0x00800184                PIDParaX
 .bss.integralFBz
                0x0080018c        0x4 include/MahonyIMU.o
                0x0080018c                integralFBz
 .bss.integralFBy
                0x00800190        0x4 include/MahonyIMU.o
                0x00800190                integralFBy
 .bss.integralFBx
                0x00800194        0x4 include/MahonyIMU.o
                0x00800194                integralFBx
 .bss.q3        0x00800198        0x4 include/MahonyIMU.o
                0x00800198                q3
 .bss.q2        0x0080019c        0x4 include/MahonyIMU.o
                0x0080019c                q2
 .bss.q1        0x008001a0        0x4 include/MahonyIMU.o
                0x008001a0                q1
 .bss.sum_gyro_cal_sum.2284
                0x008001a4        0xc include/mpu6050.o
 .bss.sum_acc_cal_sum.2283
                0x008001b0        0xc include/mpu6050.o
 .bss.uxSchedulerSuspended
                0x008001bc        0x1 FreeRTOS/tasks.o
 .bss.xIdleTaskHandle
                0x008001bd        0x2 FreeRTOS/tasks.o
 .bss.xNextTaskUnblockTime
                0x008001bf        0x2 FreeRTOS/tasks.o
 .bss.uxTaskNumber
                0x008001c1        0x1 FreeRTOS/tasks.o
 .bss.xNumOfOverflows
                0x008001c2        0x1 FreeRTOS/tasks.o
 .bss.xYieldPending
                0x008001c3        0x1 FreeRTOS/tasks.o
 .bss.xPendedTicks
                0x008001c4        0x2 FreeRTOS/tasks.o
 .bss.xSchedulerRunning
                0x008001c6        0x1 FreeRTOS/tasks.o
 .bss.uxTopReadyPriority
                0x008001c7        0x1 FreeRTOS/tasks.o
 .bss.xTickCount
                0x008001c8        0x2 FreeRTOS/tasks.o
 .bss.uxCurrentNumberOfTasks
                0x008001ca        0x1 FreeRTOS/tasks.o
 .bss.xSuspendedTaskList
                0x008001cb        0x9 FreeRTOS/tasks.o
 .bss.uxDeletedTasksWaitingCleanUp
                0x008001d4        0x1 FreeRTOS/tasks.o
 .bss.xTasksWaitingTermination
                0x008001d5        0x9 FreeRTOS/tasks.o
 .bss.xPendingReadyList
                0x008001de        0x9 FreeRTOS/tasks.o
 .bss.pxOverflowDelayedTaskList
                0x008001e7        0x2 FreeRTOS/tasks.o
 .bss.pxDelayedTaskList
                0x008001e9        0x2 FreeRTOS/tasks.o
 .bss.xDelayedTaskList2
                0x008001eb        0x9 FreeRTOS/tasks.o
 .bss.xDelayedTaskList1
                0x008001f4        0x9 FreeRTOS/tasks.o
 .bss.pxReadyTasksLists
                0x008001fd       0x24 FreeRTOS/tasks.o
 .bss.pxCurrentTCB
                0x00800221        0x2 FreeRTOS/tasks.o
                0x00800221                pxCurrentTCB
 .bss.xLastTime.2416
                0x00800223        0x2 FreeRTOS/timers.o
 .bss.xTimerTaskHandle
                0x00800225        0x2 FreeRTOS/timers.o
 .bss.xTimerQueue
                0x00800227        0x2 FreeRTOS/timers.o
 .bss.pxOverflowTimerList
                0x00800229        0x2 FreeRTOS/timers.o
 .bss.pxCurrentTimerList
                0x0080022b        0x2 FreeRTOS/timers.o
 .bss.xActiveTimerList2
                0x0080022d        0x9 FreeRTOS/timers.o
 .bss.xActiveTimerList1
                0x00800236        0x9 FreeRTOS/timers.o
 *(COMMON)
 COMMON         0x0080023f        0xa App/main.o
                0x0080023f                MyString
 COMMON         0x00800249        0x4 App/task.o
                0x00800249                ADC_Value
 COMMON         0x0080024d       0x28 include/mpu6050.o
                0x0080024d                Angle
                0x00800259                Temperature
                0x0080025d                acc_calib
                0x00800269                gyro_calib
 COMMON         0x00800275        0x4 c:/program files (x86)/atmel/studio/7.0/toolchain/avr8/avr8-gnu-toolchain/bin/../lib/gcc/avr/5.4.0/../../../../avr/lib/avr5\libc.a(malloc.o)
                0x00800275                __brkval
                0x00800277                __flp
                0x00800279                PROVIDE (__bss_end, .)
                0x000043e6                __data_load_start = LOADADDR (.data)
                0x00004462                __data_load_end = (__data_load_start + SIZEOF (.data))

.noinit         0x00800279        0x0
                [!provide]                PROVIDE (__noinit_start, .)
 *(.noinit*)
                [!provide]                PROVIDE (__noinit_end, .)
                0x00800279                _end = .
                0x00800279                PROVIDE (__heap_start, .)

.eeprom         0x00810000        0x0
 *(.eeprom*)
                0x00810000                __eeprom_end = .

.fuse
 *(.fuse)
 *(.lfuse)
 *(.hfuse)
 *(.efuse)

.lock
 *(.lock*)

.signature
 *(.signature*)

.user_signatures
 *(.user_signatures*)

.stab
 *(.stab)

.stabstr
 *(.stabstr)

.stab.excl
 *(.stab.excl)

.stab.exclstr
 *(.stab.exclstr)

.stab.index
 *(.stab.index)

.stab.indexstr
 *(.stab.indexstr)

.comment        0x00000000       0x5c
 *(.comment)
 .comment       0x00000000       0x30 App/main.o
                                 0x31 (size before relaxing)
 .comment       0x00000030       0x31 App/servo_joystick.o
 .comment       0x00000030       0x31 App/task.o
 .comment       0x00000030       0x31 include/balance.o
 .comment       0x00000030       0x31 include/MahonyIMU.o
 .comment       0x00000030       0x31 include/mpu6050.o
 .comment       0x00000030       0x31 FreeRTOS/heap_3.o
 .comment       0x00000030       0x31 FreeRTOS/hooks.o
 .comment       0x00000030       0x31 FreeRTOS/list.o
 .comment       0x00000030       0x31 FreeRTOS/port.o
 .comment       0x00000030       0x31 FreeRTOS/queue.o
 .comment       0x00000030       0x31 FreeRTOS/tasks.o
 .comment       0x00000030       0x31 FreeRTOS/timers.o
 .comment       0x00000030       0x31 lib/I2C_Master_C_file.o
 .comment       0x00000030       0x31 lib/uart.o
 .comment       0x00000030       0x2c c:/program files (x86)/atmel/studio/7.0/toolchain/avr8/avr8-gnu-toolchain/bin/../lib/gcc/avr/5.4.0/../../../../avr/lib/avr5\libprintf_flt.a(vfprintf_flt.o)
                                 0x2d (size before relaxing)
 .comment       0x0000005c       0x31 c:/program files (x86)/atmel/studio/7.0/toolchain/avr8/avr8-gnu-toolchain/bin/../lib/gcc/avr/5.4.0/../../../../avr/lib/avr5\libc.a(malloc.o)
 .comment       0x0000005c       0x31 c:/program files (x86)/atmel/studio/7.0/toolchain/avr8/avr8-gnu-toolchain/bin/../lib/gcc/avr/5.4.0/../../../../avr/lib/avr5\libc.a(fputc.o)
 .comment       0x0000005c       0x31 c:/program files (x86)/atmel/studio/7.0/toolchain/avr8/avr8-gnu-toolchain/bin/../lib/gcc/avr/5.4.0/../../../../avr/lib/avr5\libc.a(sprintf.o)

.note.gnu.avr.deviceinfo
                0x00000000       0x40
 .note.gnu.avr.deviceinfo
                0x00000000       0x40 C:/Program Files (x86)/Atmel/Studio/7.0/Packs/atmel/ATmega_DFP/1.3.300/gcc/dev/atmega328p/avr5/crtatmega328p.o

.note.gnu.build-id
 *(.note.gnu.build-id)

.debug
 *(.debug)

.line
 *(.line)

.debug_srcinfo
 *(.debug_srcinfo)

.debug_sfnames
 *(.debug_sfnames)

.debug_aranges  0x00000000      0x5b8
 *(.debug_aranges)
 .debug_aranges
                0x00000000       0x20 App/main.o
 .debug_aranges
                0x00000020       0x48 App/servo_joystick.o
 .debug_aranges
                0x00000068       0x40 App/task.o
 .debug_aranges
                0x000000a8       0x28 include/balance.o
 .debug_aranges
                0x000000d0       0x30 include/MahonyIMU.o
 .debug_aranges
                0x00000100       0x38 include/mpu6050.o
 .debug_aranges
                0x00000138       0x28 FreeRTOS/heap_3.o
 .debug_aranges
                0x00000160       0x30 FreeRTOS/hooks.o
 .debug_aranges
                0x00000190       0x40 FreeRTOS/list.o
 .debug_aranges
                0x000001d0       0x50 FreeRTOS/port.o
 .debug_aranges
                0x00000220       0xe0 FreeRTOS/queue.o
 .debug_aranges
                0x00000300      0x198 FreeRTOS/tasks.o
 .debug_aranges
                0x00000498       0x98 FreeRTOS/timers.o
 .debug_aranges
                0x00000530       0x58 lib/I2C_Master_C_file.o
 .debug_aranges
                0x00000588       0x30 lib/uart.o

.debug_pubnames
 *(.debug_pubnames)

.debug_info     0x00000000     0x6e5d
 *(.debug_info .gnu.linkonce.wi.*)
 .debug_info    0x00000000      0x5f4 C:/Program Files (x86)/Atmel/Studio/7.0/Packs/atmel/ATmega_DFP/1.3.300/gcc/dev/atmega328p/avr5/crtatmega328p.o
 .debug_info    0x000005f4      0x19c App/main.o
 .debug_info    0x00000790      0x150 App/servo_joystick.o
 .debug_info    0x000008e0      0x574 App/task.o
 .debug_info    0x00000e54      0x19d include/balance.o
 .debug_info    0x00000ff1      0x2fc include/MahonyIMU.o
 .debug_info    0x000012ed      0x5a5 include/mpu6050.o
 .debug_info    0x00001892      0x19f FreeRTOS/heap_3.o
 .debug_info    0x00001a31      0x1df FreeRTOS/hooks.o
 .debug_info    0x00001c10      0x2e3 FreeRTOS/list.o
 .debug_info    0x00001ef3      0x2b7 FreeRTOS/port.o
 .debug_info    0x000021aa     0x1838 FreeRTOS/queue.o
 .debug_info    0x000039e2     0x215e FreeRTOS/tasks.o
 .debug_info    0x00005b40     0x1055 FreeRTOS/timers.o
 .debug_info    0x00006b95      0x1c9 lib/I2C_Master_C_file.o
 .debug_info    0x00006d5e       0xff lib/uart.o

.debug_abbrev   0x00000000     0x1ad2
 *(.debug_abbrev)
 .debug_abbrev  0x00000000      0x5a2 C:/Program Files (x86)/Atmel/Studio/7.0/Packs/atmel/ATmega_DFP/1.3.300/gcc/dev/atmega328p/avr5/crtatmega328p.o
 .debug_abbrev  0x000005a2       0xb6 App/main.o
 .debug_abbrev  0x00000658       0x9b App/servo_joystick.o
 .debug_abbrev  0x000006f3      0x158 App/task.o
 .debug_abbrev  0x0000084b      0x10c include/balance.o
 .debug_abbrev  0x00000957      0x120 include/MahonyIMU.o
 .debug_abbrev  0x00000a77      0x1ac include/mpu6050.o
 .debug_abbrev  0x00000c23      0x107 FreeRTOS/heap_3.o
 .debug_abbrev  0x00000d2a       0xe9 FreeRTOS/hooks.o
 .debug_abbrev  0x00000e13       0xff FreeRTOS/list.o
 .debug_abbrev  0x00000f12      0x158 FreeRTOS/port.o
 .debug_abbrev  0x0000106a      0x2c9 FreeRTOS/queue.o
 .debug_abbrev  0x00001333      0x32b FreeRTOS/tasks.o
 .debug_abbrev  0x0000165e      0x30f FreeRTOS/timers.o
 .debug_abbrev  0x0000196d       0xc6 lib/I2C_Master_C_file.o
 .debug_abbrev  0x00001a33       0x9f lib/uart.o

.debug_line     0x00000000     0x3c2c
 *(.debug_line .debug_line.* .debug_line_end)
 .debug_line    0x00000000      0x133 C:/Program Files (x86)/Atmel/Studio/7.0/Packs/atmel/ATmega_DFP/1.3.300/gcc/dev/atmega328p/avr5/crtatmega328p.o
 .debug_line    0x00000133      0x127 App/main.o
 .debug_line    0x0000025a      0x269 App/servo_joystick.o
 .debug_line    0x000004c3      0x293 App/task.o
 .debug_line    0x00000756       0xaf include/balance.o
 .debug_line    0x00000805      0x1b9 include/MahonyIMU.o
 .debug_line    0x000009be      0x2d1 include/mpu6050.o
 .debug_line    0x00000c8f      0x171 FreeRTOS/heap_3.o
 .debug_line    0x00000e00      0x1b9 FreeRTOS/hooks.o
 .debug_line    0x00000fb9      0x1d6 FreeRTOS/list.o
 .debug_line    0x0000118f      0x270 FreeRTOS/port.o
 .debug_line    0x000013ff      0xba5 FreeRTOS/queue.o
 .debug_line    0x00001fa4     0x1309 FreeRTOS/tasks.o
 .debug_line    0x000032ad      0x559 FreeRTOS/timers.o
 .debug_line    0x00003806      0x31d lib/I2C_Master_C_file.o
 .debug_line    0x00003b23      0x109 lib/uart.o

.debug_frame    0x00000000     0x11e0
 *(.debug_frame)
 .debug_frame   0x00000000       0x24 App/main.o
 .debug_frame   0x00000024       0x74 App/servo_joystick.o
 .debug_frame   0x00000098       0xb4 App/task.o
 .debug_frame   0x0000014c       0xc0 include/balance.o
 .debug_frame   0x0000020c      0x108 include/MahonyIMU.o
 .debug_frame   0x00000314       0xfc include/mpu6050.o
 .debug_frame   0x00000410       0x4c FreeRTOS/heap_3.o
 .debug_frame   0x0000045c       0x44 FreeRTOS/hooks.o
 .debug_frame   0x000004a0       0x88 FreeRTOS/list.o
 .debug_frame   0x00000528       0x84 FreeRTOS/port.o
 .debug_frame   0x000005ac      0x394 FreeRTOS/queue.o
 .debug_frame   0x00000940      0x5d0 FreeRTOS/tasks.o
 .debug_frame   0x00000f10      0x1bc FreeRTOS/timers.o
 .debug_frame   0x000010cc       0xc4 lib/I2C_Master_C_file.o
 .debug_frame   0x00001190       0x50 lib/uart.o

.debug_str      0x00000000     0x1fdb
 *(.debug_str)
 .debug_str     0x00000000      0x208 C:/Program Files (x86)/Atmel/Studio/7.0/Packs/atmel/ATmega_DFP/1.3.300/gcc/dev/atmega328p/avr5/crtatmega328p.o
 .debug_str     0x00000208      0x1f2 App/main.o
                                0x22b (size before relaxing)
 .debug_str     0x000003fa       0x58 App/servo_joystick.o
                                0x21b (size before relaxing)
 .debug_str     0x00000452      0x1a2 App/task.o
                                0x369 (size before relaxing)
 .debug_str     0x000005f4       0x7d include/balance.o
                                0x1ca (size before relaxing)
 .debug_str     0x00000671       0x9a include/MahonyIMU.o
                                0x23e (size before relaxing)
 .debug_str     0x0000070b      0x11b include/mpu6050.o
                                0x2d5 (size before relaxing)
 .debug_str     0x00000826       0x90 FreeRTOS/heap_3.o
                                0x21b (size before relaxing)
 .debug_str     0x000008b6       0x80 FreeRTOS/hooks.o
                                0x284 (size before relaxing)
 .debug_str     0x00000936      0x13c FreeRTOS/list.o
                                0x2e9 (size before relaxing)
 .debug_str     0x00000a72      0x130 FreeRTOS/port.o
                                0x2eb (size before relaxing)
 .debug_str     0x00000ba2      0x6a1 FreeRTOS/queue.o
                                0x9b5 (size before relaxing)
 .debug_str     0x00001243      0x8f5 FreeRTOS/tasks.o
                                0xf03 (size before relaxing)
 .debug_str     0x00001b38      0x41a FreeRTOS/timers.o
                                0x863 (size before relaxing)
 .debug_str     0x00001f52       0x58 lib/I2C_Master_C_file.o
                                0x23b (size before relaxing)
 .debug_str     0x00001faa       0x31 lib/uart.o
                                0x1d9 (size before relaxing)

.debug_loc      0x00000000     0x6523
 *(.debug_loc)
 .debug_loc     0x00000000       0x4c App/servo_joystick.o
 .debug_loc     0x0000004c      0x1f4 App/task.o
 .debug_loc     0x00000240      0x3aa include/balance.o
 .debug_loc     0x000005ea      0x67b include/MahonyIMU.o
 .debug_loc     0x00000c65      0x33f include/mpu6050.o
 .debug_loc     0x00000fa4      0x102 FreeRTOS/heap_3.o
 .debug_loc     0x000010a6       0xb4 FreeRTOS/hooks.o
 .debug_loc     0x0000115a      0x145 FreeRTOS/list.o
 .debug_loc     0x0000129f       0xcf FreeRTOS/port.o
 .debug_loc     0x0000136e     0x1cfc FreeRTOS/queue.o
 .debug_loc     0x0000306a     0x2586 FreeRTOS/tasks.o
 .debug_loc     0x000055f0      0xc0d FreeRTOS/timers.o
 .debug_loc     0x000061fd      0x27f lib/I2C_Master_C_file.o
 .debug_loc     0x0000647c       0xa7 lib/uart.o

.debug_macinfo
 *(.debug_macinfo)

.debug_weaknames
 *(.debug_weaknames)

.debug_funcnames
 *(.debug_funcnames)

.debug_typenames
 *(.debug_typenames)

.debug_varnames
 *(.debug_varnames)

.debug_pubtypes
 *(.debug_pubtypes)

.debug_ranges   0x00000000      0x630
 *(.debug_ranges)
 .debug_ranges  0x00000000       0x10 App/main.o
 .debug_ranges  0x00000010       0x38 App/servo_joystick.o
 .debug_ranges  0x00000048       0x30 App/task.o
 .debug_ranges  0x00000078       0x18 include/balance.o
 .debug_ranges  0x00000090       0x20 include/MahonyIMU.o
 .debug_ranges  0x000000b0       0x28 include/mpu6050.o
 .debug_ranges  0x000000d8       0x18 FreeRTOS/heap_3.o
 .debug_ranges  0x000000f0       0x20 FreeRTOS/hooks.o
 .debug_ranges  0x00000110       0x30 FreeRTOS/list.o
 .debug_ranges  0x00000140       0x40 FreeRTOS/port.o
 .debug_ranges  0x00000180      0x160 FreeRTOS/queue.o
 .debug_ranges  0x000002e0      0x200 FreeRTOS/tasks.o
 .debug_ranges  0x000004e0       0xe8 FreeRTOS/timers.o
 .debug_ranges  0x000005c8       0x48 lib/I2C_Master_C_file.o
 .debug_ranges  0x00000610       0x20 lib/uart.o

.debug_macro
 *(.debug_macro)
OUTPUT(Pantilt.elf elf32-avr)
LOAD linker stubs
