Archive member included to satisfy reference by file (symbol)

c:/program files (x86)/atmel/studio/7.0/toolchain/avr8/avr8-gnu-toolchain/bin/../lib/gcc/avr/5.4.0/../../../../avr/lib/avr5\libm.a(addsf3.o)
                              include/MahonyIMU.o (__subsf3)
c:/program files (x86)/atmel/studio/7.0/toolchain/avr8/avr8-gnu-toolchain/bin/../lib/gcc/avr/5.4.0/../../../../avr/lib/avr5\libm.a(addsf3x.o)
                              c:/program files (x86)/atmel/studio/7.0/toolchain/avr8/avr8-gnu-toolchain/bin/../lib/gcc/avr/5.4.0/../../../../avr/lib/avr5\libm.a(addsf3.o) (__addsf3x)
c:/program files (x86)/atmel/studio/7.0/toolchain/avr8/avr8-gnu-toolchain/bin/../lib/gcc/avr/5.4.0/../../../../avr/lib/avr5\libm.a(asin.o)
                              include/MahonyIMU.o (asin)
c:/program files (x86)/atmel/studio/7.0/toolchain/avr8/avr8-gnu-toolchain/bin/../lib/gcc/avr/5.4.0/../../../../avr/lib/avr5\libm.a(atan2.o)
                              include/MahonyIMU.o (atan2)
c:/program files (x86)/atmel/studio/7.0/toolchain/avr8/avr8-gnu-toolchain/bin/../lib/gcc/avr/5.4.0/../../../../avr/lib/avr5\libm.a(atan.o)
                              c:/program files (x86)/atmel/studio/7.0/toolchain/avr8/avr8-gnu-toolchain/bin/../lib/gcc/avr/5.4.0/../../../../avr/lib/avr5\libm.a(atan2.o) (atan)
c:/program files (x86)/atmel/studio/7.0/toolchain/avr8/avr8-gnu-toolchain/bin/../lib/gcc/avr/5.4.0/../../../../avr/lib/avr5\libm.a(cmpsf2.o)
                              include/MahonyIMU.o (__nesf2)
c:/program files (x86)/atmel/studio/7.0/toolchain/avr8/avr8-gnu-toolchain/bin/../lib/gcc/avr/5.4.0/../../../../avr/lib/avr5\libm.a(divsf3.o)
                              include/mpu6050.o (__divsf3)
c:/program files (x86)/atmel/studio/7.0/toolchain/avr8/avr8-gnu-toolchain/bin/../lib/gcc/avr/5.4.0/../../../../avr/lib/avr5\libm.a(divsf3x.o)
                              c:/program files (x86)/atmel/studio/7.0/toolchain/avr8/avr8-gnu-toolchain/bin/../lib/gcc/avr/5.4.0/../../../../avr/lib/avr5\libm.a(divsf3.o) (__divsf3x)
c:/program files (x86)/atmel/studio/7.0/toolchain/avr8/avr8-gnu-toolchain/bin/../lib/gcc/avr/5.4.0/../../../../avr/lib/avr5\libm.a(floatsisf.o)
                              include/mpu6050.o (__floatsisf)
c:/program files (x86)/atmel/studio/7.0/toolchain/avr8/avr8-gnu-toolchain/bin/../lib/gcc/avr/5.4.0/../../../../avr/lib/avr5\libm.a(fp_arccos.o)
                              c:/program files (x86)/atmel/studio/7.0/toolchain/avr8/avr8-gnu-toolchain/bin/../lib/gcc/avr/5.4.0/../../../../avr/lib/avr5\libm.a(asin.o) (__fp_arccos)
c:/program files (x86)/atmel/studio/7.0/toolchain/avr8/avr8-gnu-toolchain/bin/../lib/gcc/avr/5.4.0/../../../../avr/lib/avr5\libm.a(fp_cmp.o)
                              c:/program files (x86)/atmel/studio/7.0/toolchain/avr8/avr8-gnu-toolchain/bin/../lib/gcc/avr/5.4.0/../../../../avr/lib/avr5\libm.a(cmpsf2.o) (__fp_cmp)
c:/program files (x86)/atmel/studio/7.0/toolchain/avr8/avr8-gnu-toolchain/bin/../lib/gcc/avr/5.4.0/../../../../avr/lib/avr5\libm.a(fp_inf.o)
                              c:/program files (x86)/atmel/studio/7.0/toolchain/avr8/avr8-gnu-toolchain/bin/../lib/gcc/avr/5.4.0/../../../../avr/lib/avr5\libm.a(addsf3x.o) (__fp_inf)
c:/program files (x86)/atmel/studio/7.0/toolchain/avr8/avr8-gnu-toolchain/bin/../lib/gcc/avr/5.4.0/../../../../avr/lib/avr5\libm.a(fp_nan.o)
                              c:/program files (x86)/atmel/studio/7.0/toolchain/avr8/avr8-gnu-toolchain/bin/../lib/gcc/avr/5.4.0/../../../../avr/lib/avr5\libm.a(addsf3x.o) (__fp_nan)
c:/program files (x86)/atmel/studio/7.0/toolchain/avr8/avr8-gnu-toolchain/bin/../lib/gcc/avr/5.4.0/../../../../avr/lib/avr5\libm.a(fp_powser.o)
                              c:/program files (x86)/atmel/studio/7.0/toolchain/avr8/avr8-gnu-toolchain/bin/../lib/gcc/avr/5.4.0/../../../../avr/lib/avr5\libm.a(atan.o) (__fp_powser)
c:/program files (x86)/atmel/studio/7.0/toolchain/avr8/avr8-gnu-toolchain/bin/../lib/gcc/avr/5.4.0/../../../../avr/lib/avr5\libm.a(fp_powsodd.o)
                              c:/program files (x86)/atmel/studio/7.0/toolchain/avr8/avr8-gnu-toolchain/bin/../lib/gcc/avr/5.4.0/../../../../avr/lib/avr5\libm.a(asin.o) (__fp_powsodd)
c:/program files (x86)/atmel/studio/7.0/toolchain/avr8/avr8-gnu-toolchain/bin/../lib/gcc/avr/5.4.0/../../../../avr/lib/avr5\libm.a(fp_pscA.o)
                              c:/program files (x86)/atmel/studio/7.0/toolchain/avr8/avr8-gnu-toolchain/bin/../lib/gcc/avr/5.4.0/../../../../avr/lib/avr5\libm.a(addsf3x.o) (__fp_pscA)
c:/program files (x86)/atmel/studio/7.0/toolchain/avr8/avr8-gnu-toolchain/bin/../lib/gcc/avr/5.4.0/../../../../avr/lib/avr5\libm.a(fp_pscB.o)
                              c:/program files (x86)/atmel/studio/7.0/toolchain/avr8/avr8-gnu-toolchain/bin/../lib/gcc/avr/5.4.0/../../../../avr/lib/avr5\libm.a(addsf3x.o) (__fp_pscB)
c:/program files (x86)/atmel/studio/7.0/toolchain/avr8/avr8-gnu-toolchain/bin/../lib/gcc/avr/5.4.0/../../../../avr/lib/avr5\libm.a(fp_round.o)
[...]
Memory Configuration

Name             Origin             Length             Attributes
text             0x00000000         0x00020000         xr
data             0x00800060         0x0000ffa0         rw !x
eeprom           0x00810000         0x00010000         rw !x
fuse             0x00820000         0x00000003         rw !x
lock             0x00830000         0x00000400         rw !x
signature        0x00840000         0x00000400         rw !x
user_signatures  0x00850000         0x00000400         rw !x
*default*        0x00000000         0xffffffff

Linker script and memory map

Address of section .data set to 0x800100
LOAD C:/Program Files (x86)/Atmel/Studio/7.0/Packs/atmel/ATmega_DFP/1.3.300/gcc/dev/atmega328p/avr5/crtatmega328p.o
LOAD App/main.o
LOAD App/partb2.o
LOAD App/servo_joystick.o
LOAD App/task.o
LOAD include/MahonyIMU.o
LOAD include/mpu6050.o
LOAD FreeRTOS/croutine.o
LOAD FreeRTOS/event_groups.o
LOAD FreeRTOS/heap_3.o
LOAD FreeRTOS/hooks.o
LOAD FreeRTOS/library.o
LOAD FreeRTOS/list.o
LOAD FreeRTOS/port.o
LOAD FreeRTOS/queue.o
LOAD FreeRTOS/stream_buffer.o
LOAD FreeRTOS/tasks.o
LOAD FreeRTOS/timers.o
LOAD lib/I2C_Master_C_file.o
LOAD lib/uart.o
START GROUP
LOAD c:/program files (x86)/atmel/studio/7.0/toolchain/avr8/avr8-gnu-toolchain/bin/../lib/gcc/avr/5.4.0/../../../../avr/lib/avr5\libm.a
END GROUP
START GROUP
LOAD c:/program files (x86)/atmel/studio/7.0/toolchain/avr8/avr8-gnu-toolchain/bin/../lib/gcc/avr/5.4.0/avr5\libgcc.a
LOAD c:/program files (x86)/atmel/studio/7.0/toolchain/avr8/avr8-gnu-toolchain/bin/../lib/gcc/avr/5.4.0/../../../../avr/lib/avr5\libm.a
LOAD c:/program files (x86)/atmel/studio/7.0/toolchain/avr8/avr8-gnu-toolchain/bin/../lib/gcc/avr/5.4.0/../../../../avr/lib/avr5\libc.a
LOAD C:/Program Files (x86)/Atmel/Studio/7.0/Packs/atmel/ATmega_DFP/1.3.300/gcc/dev/atmega328p/avr5\libatmega328p.a
END GROUP
                0x00000000                __TEXT_REGION_ORIGIN__ = DEFINED (__TEXT_REGION_ORIGIN__)?__TEXT_REGION_ORIGIN__:0x0
                0x00800060                __DATA_REGION_ORIGIN__ = DEFINED (__DATA_REGION_ORIGIN__)?__DATA_REGION_ORIGIN__:0x800060
                0x00020000                __TEXT_REGION_LENGTH__ = DEFINED (__TEXT_REGION_LENGTH__)?__TEXT_REGION_LENGTH__:0x20000
                0x0000ffa0                __DATA_REGION_LENGTH__ = DEFINED (__DATA_REGION_LENGTH__)?__DATA_REGION_LENGTH__:0xffa0
                0x00010000                __EEPROM_REGION_LENGTH__ = DEFINED (__EEPROM_REGION_LENGTH__)?__EEPROM_REGION_LENGTH__:0x10000
                [0x00000003]                __FUSE_REGION_LENGTH__ = DEFINED (__FUSE_REGION_LENGTH__)?__FUSE_REGION_LENGTH__:0x400
                0x00000400                __LOCK_REGION_LENGTH__ = DEFINED (__LOCK_REGION_LENGTH__)?__LOCK_REGION_LENGTH__:0x400
                0x00000400                __SIGNATURE_REGION_LENGTH__ = DEFINED (__SIGNATURE_REGION_LENGTH__)?__SIGNATURE_REGION_LENGTH__:0x400
                0x00000400                __USER_SIGNATURE_REGION_LENGTH__ = DEFINED (__USER_SIGNATURE_REGION_LENGTH__)?__USER_SIGNATURE_REGION_LENGTH__:0x400

.hash
 *(.hash)

.dynsym
 *(.dynsym)

.dynstr
 *(.dynstr)

.gnu.version
 *(.gnu.version)

.gnu.version_d
 *(.gnu.version_d)

.gnu.version_r
 *(.gnu.version_r)

.rel.init
 *(.rel.init)

.rela.init
 *(.rela.init)

.rel.text
 *(.rel.text)
 *(.rel.text.*)
 *(.rel.gnu.linkonce.t*)

.rela.text
 *(.rela.text)
 *(.rela.text.*)
 *(.rela.gnu.linkonce.t*)

.rel.fini
 *(.rel.fini)

.rela.fini
 *(.rela.fini)

.rel.rodata
 *(.rel.rodata)
 *(.rel.rodata.*)
 *(.rel.gnu.linkonce.r*)

.rela.rodata
 *(.rela.rodata)
 *(.rela.rodata.*)
 *(.rela.gnu.linkonce.r*)

.rel.data
 *(.rel.data)
 *(.rel.data.*)
 *(.rel.gnu.linkonce.d*)

.rela.data
 *(.rela.data)
 *(.rela.data.*)
 *(.rela.gnu.linkonce.d*)

.rel.ctors
 *(.rel.ctors)

.rela.ctors
 *(.rela.ctors)

.rel.dtors
 *(.rel.dtors)

.rela.dtors
 *(.rela.dtors)

.rel.got
 *(.rel.got)

.rela.got
 *(.rela.got)

.rel.bss
 *(.rel.bss)

.rela.bss
 *(.rela.bss)

.rel.plt
 *(.rel.plt)

.rela.plt
 *(.rela.plt)

.text           0x00000000     0x3970
 *(.vectors)
 .vectors       0x00000000       0x68 C:/Program Files (x86)/Atmel/Studio/7.0/Packs/atmel/ATmega_DFP/1.3.300/gcc/dev/atmega328p/avr5/crtatmega328p.o
                0x00000000                __vector_default
                0x00000000                __vectors
 *(.vectors)
 *(.progmem.gcc*)
 .progmem.gcc_sw_table.prvTimerTask
                0x00000068       0x14 FreeRTOS/timers.o
 .progmem.gcc_fplib
                0x0000007c       0x14 c:/program files (x86)/atmel/studio/7.0/toolchain/avr8/avr8-gnu-toolchain/bin/../lib/gcc/avr/5.4.0/../../../../avr/lib/avr5\libm.a(asin.o)
 .progmem.gcc_fplib
                0x00000090       0x2d c:/program files (x86)/atmel/studio/7.0/toolchain/avr8/avr8-gnu-toolchain/bin/../lib/gcc/avr/5.4.0/../../../../avr/lib/avr5\libm.a(atan.o)
 .progmem.gcc_fplib
                0x000000bd       0x28 c:/program files (x86)/atmel/studio/7.0/toolchain/avr8/avr8-gnu-toolchain/bin/../lib/gcc/avr/5.4.0/../../../../avr/lib/avr5\libm.a(fp_arccos.o)
                0x000000e6                . = ALIGN (0x2)
 *fill*         0x000000e5        0x1 
                0x000000e6                __trampolines_start = .
 *(.trampolines)
 .trampolines   0x000000e6        0x0 linker stubs
 *(.trampolines*)
                0x000000e6                __trampolines_end = .
 *libprintf_flt.a:*(.progmem.data)
 *libc.a:*(.progmem.data)
 *(.progmem*)
                0x000000e6                . = ALIGN (0x2)
 *(.jumptables)
 *(.jumptables*)
 *(.lowtext)
 *(.lowtext*)
                0x000000e6                __ctors_start = .
 *(.ctors)
                0x000000e6                __ctors_end = .
                0x000000e6                __dtors_start = .
 *(.dtors)
                0x000000e6                __dtors_end = .
 SORT(*)(.ctors)
 SORT(*)(.dtors)
 *(.init0)
 .init0         0x000000e6        0x0 C:/Program Files (x86)/Atmel/Studio/7.0/Packs/atmel/ATmega_DFP/1.3.300/gcc/dev/atmega328p/avr5/crtatmega328p.o
                0x000000e6                __init
 *(.init0)
 *(.init1)
 *(.init1)
 *(.init2)
 .init2         0x000000e6        0xc C:/Program Files (x86)/Atmel/Studio/7.0/Packs/atmel/ATmega_DFP/1.3.300/gcc/dev/atmega328p/avr5/crtatmega328p.o
 *(.init2)
 *(.init3)
 *(.init3)
 *(.init4)
 .init4         0x000000f2       0x16 c:/program files (x86)/atmel/studio/7.0/toolchain/avr8/avr8-gnu-toolchain/bin/../lib/gcc/avr/5.4.0/avr5\libgcc.a(_copy_data.o)
                0x000000f2                __do_copy_data
 .init4         0x00000108       0x10 c:/program files (x86)/atmel/studio/7.0/toolchain/avr8/avr8-gnu-toolchain/bin/../lib/gcc/avr/5.4.0/avr5\libgcc.a(_clear_bss.o)
                0x00000108                __do_clear_bss
 *(.init4)
 *(.init5)
 *(.init5)
 *(.init6)
 *(.init6)
 *(.init7)
 *(.init7)
 *(.init8)
 *(.init8)
 *(.init9)
 .init9         0x00000118        0x8 C:/Program Files (x86)/Atmel/Studio/7.0/Packs/atmel/ATmega_DFP/1.3.300/gcc/dev/atmega328p/avr5/crtatmega328p.o
 *(.init9)
 *(.text)
 .text          0x00000120        0x4 C:/Program Files (x86)/Atmel/Studio/7.0/Packs/atmel/ATmega_DFP/1.3.300/gcc/dev/atmega328p/avr5/crtatmega328p.o
                0x00000120                __vector_22
                0x00000120                __vector_1
                0x00000120                __vector_24
                0x00000120                __vector_12
                0x00000120                __bad_interrupt
                0x00000120                __vector_3
                0x00000120                __vector_23
                0x00000120                __vector_25
                0x00000120                __vector_11
                0x00000120                __vector_13
                0x00000120                __vector_17
                0x00000120                __vector_19
                0x00000120                __vector_7
                0x00000120                __vector_5
                0x00000120                __vector_4
                0x00000120                __vector_9
                0x00000120                __vector_2
                0x00000120                __vector_21
                0x00000120                __vector_15
                0x00000120                __vector_8
                0x00000120                __vector_14
                0x00000120                __vector_10
                0x00000120                __vector_16
                0x00000120                __vector_18
                0x00000120                __vector_20
                0x00000124                . = ALIGN (0x2)
 *(.text.*)
 .text.main     0x00000124       0x1a App/main.o
                0x00000124                main
 .text.vMahonyTaskFunction
                0x0000013e       0xf0 App/task.o
                0x0000013e                vMahonyTaskFunction
 .text.vMPU6050TaskFunction
                0x0000022e       0x2c App/task.o
                0x0000022e                vMPU6050TaskFunction
 .text.vCTaskFunction
                0x0000025a       0x2c App/task.o
                0x0000025a                vCTaskFunction
 .text.MytaskCreate
                0x00000286       0x54 App/task.o
                0x00000286                MytaskCreate
 .text.invSqrt  0x000002da       0x76 include/MahonyIMU.o
                0x000002da                invSqrt
 .text.MahonyAHRSupdateIMU
                0x00000350      0x688 include/MahonyIMU.o
                0x00000350                MahonyAHRSupdateIMU
 .text.q2Angle  0x000009d8      0x276 include/MahonyIMU.o
                0x000009d8                q2Angle
 .text.MPU_Start_Loc
                0x00000c4e       0x14 include/mpu6050.o
                0x00000c4e                MPU_Start_Loc
 .text.MPU_read
                0x00000c62      0x246 include/mpu6050.o
                0x00000c62                MPU_read
 .text.MPU_Calib
                0x00000ea8      0x198 include/mpu6050.o
                0x00000ea8                MPU_Calib
 .text.MPU_Init
                0x00001040       0x9e include/mpu6050.o
                0x00001040                MPU_Init
 .text.pvPortMalloc
                0x000010de       0x26 FreeRTOS/heap_3.o
                0x000010de                pvPortMalloc
 .text.vPortFree
                0x00001104       0x1e FreeRTOS/heap_3.o
                0x00001104                vPortFree
 .text.vApplicationIdleHook
                0x00001122       0x38 FreeRTOS/hooks.o
                0x00001122                vApplicationIdleHook
 .text.vApplicationMallocFailedHook
                0x0000115a       0x14 FreeRTOS/hooks.o
                0x0000115a                vApplicationMallocFailedHook
 .text.vApplicationStackOverflowHook
                0x0000116e       0x1a FreeRTOS/hooks.o
                0x0000116e                vApplicationStackOverflowHook
 .text.vListInitialise
                0x00001188       0x1c FreeRTOS/list.o
                0x00001188                vListInitialise
 .text.vListInitialiseItem
                0x000011a4        0x8 FreeRTOS/list.o
                0x000011a4                vListInitialiseItem
 .text.vListInsertEnd
                0x000011ac       0x42 FreeRTOS/list.o
                0x000011ac                vListInsertEnd
 .text.vListInsert
                0x000011ee       0x62 FreeRTOS/list.o
                0x000011ee                vListInsert
 .text.uxListRemove
                0x00001250       0x4e FreeRTOS/list.o
                0x00001250                uxListRemove
 .text.pxPortInitialiseStack
                0x0000129e       0x22 FreeRTOS/port.o
                0x0000129e                pxPortInitialiseStack
 .text.xPortStartScheduler
                0x000012c0       0x70 FreeRTOS/port.o
                0x000012c0                xPortStartScheduler
 .text.vPortYield
                0x00001330       0xb2 FreeRTOS/port.o
                0x00001330                vPortYield
 .text.vPortYieldFromTick
                0x000013e2       0xba FreeRTOS/port.o
                0x000013e2                vPortYieldFromTick
 .text.__vector_6
                0x0000149c        0x6 FreeRTOS/port.o
                0x0000149c                __vector_6
 .text.prvIsQueueEmpty
                0x000014a2       0x16 FreeRTOS/queue.o
 .text.prvCopyDataToQueue
                0x000014b8       0xbe FreeRTOS/queue.o
 .text.prvCopyDataFromQueue
                0x00001576       0x34 FreeRTOS/queue.o
 .text.prvUnlockQueue
                0x000015aa       0x9a FreeRTOS/queue.o
 .text.xQueueGenericReset
                0x00001644       0x8c FreeRTOS/queue.o
                0x00001644                xQueueGenericReset
 .text.xQueueGenericCreate
                0x000016d0       0x46 FreeRTOS/queue.o
                0x000016d0                xQueueGenericCreate
 .text.xQueueGenericSend
                0x00001716      0x142 FreeRTOS/queue.o
                0x00001716                xQueueGenericSend
 .text.xQueueGenericSendFromISR
                0x00001858       0x78 FreeRTOS/queue.o
                0x00001858                xQueueGenericSendFromISR
 .text.xQueueReceive
                0x000018d0      0x132 FreeRTOS/queue.o
                0x000018d0                xQueueReceive
 .text.vQueueWaitForMessageRestricted
                0x00001a02       0x3a FreeRTOS/queue.o
                0x00001a02                vQueueWaitForMessageRestricted
 .text.prvResetNextTaskUnblockTime
                0x00001a3c       0x3e FreeRTOS/tasks.o
 .text.prvAddCurrentTaskToDelayedList
                0x00001a7a       0xb0 FreeRTOS/tasks.o
 .text.prvIdleTask
                0x00001b2a       0x74 FreeRTOS/tasks.o
 .text.xTaskCreate
                0x00001b9e      0x238 FreeRTOS/tasks.o
                0x00001b9e                xTaskCreate
 .text.vTaskStartScheduler
                0x00001dd6       0x5c FreeRTOS/tasks.o
                0x00001dd6                vTaskStartScheduler
 .text.vTaskSuspendAll
                0x00001e32        0xc FreeRTOS/tasks.o
                0x00001e32                vTaskSuspendAll
 .text.xTaskGetTickCount
                0x00001e3e       0x14 FreeRTOS/tasks.o
                0x00001e3e                xTaskGetTickCount
 .text.xTaskIncrementTick
                0x00001e52      0x17e FreeRTOS/tasks.o
                0x00001e52                xTaskIncrementTick
 .text.xTaskResumeAll
                0x00001fd0      0x106 FreeRTOS/tasks.o
                0x00001fd0                xTaskResumeAll
 .text.vTaskDelayUntil
                0x000020d6       0x7c FreeRTOS/tasks.o
                0x000020d6                vTaskDelayUntil
 .text.vTaskDelay
                0x00002152       0x28 FreeRTOS/tasks.o
                0x00002152                vTaskDelay
 .text.vTaskSwitchContext
                0x0000217a      0x102 FreeRTOS/tasks.o
                0x0000217a                vTaskSwitchContext
 .text.vTaskPlaceOnEventList
                0x0000227c       0x24 FreeRTOS/tasks.o
                0x0000227c                vTaskPlaceOnEventList
 .text.vTaskPlaceOnEventListRestricted
                0x000022a0       0x32 FreeRTOS/tasks.o
                0x000022a0                vTaskPlaceOnEventListRestricted
 .text.xTaskRemoveFromEventList
                0x000022d2       0x90 FreeRTOS/tasks.o
                0x000022d2                xTaskRemoveFromEventList
 .text.vTaskInternalSetTimeOutState
                0x00002362       0x16 FreeRTOS/tasks.o
                0x00002362                vTaskInternalSetTimeOutState
 .text.xTaskCheckForTimeOut
                0x00002378       0x6c FreeRTOS/tasks.o
                0x00002378                xTaskCheckForTimeOut
 .text.vTaskMissedYield
                0x000023e4        0x8 FreeRTOS/tasks.o
                0x000023e4                vTaskMissedYield
 .text.xTaskGetSchedulerState
                0x000023ec       0x1c FreeRTOS/tasks.o
                0x000023ec                xTaskGetSchedulerState
 .text.xTaskPriorityDisinherit
                0x00002408       0x80 FreeRTOS/tasks.o
                0x00002408                xTaskPriorityDisinherit
 .text.prvInsertTimerInActiveList
                0x00002488       0x5e FreeRTOS/timers.o
 .text.prvCheckForValidListAndQueue
                0x000024e6       0x52 FreeRTOS/timers.o
 .text.xTimerCreateTimerTask
                0x00002538       0x44 FreeRTOS/timers.o
                0x00002538                xTimerCreateTimerTask
 .text.xTimerGenericCommand
                0x0000257c       0x90 FreeRTOS/timers.o
                0x0000257c                xTimerGenericCommand
 .text.prvSampleTimeNow
                0x0000260c       0xe0 FreeRTOS/timers.o
 .text.prvTimerTask
                0x000026ec      0x212 FreeRTOS/timers.o
 .text.I2C_Init
                0x000028fe        0xc lib/I2C_Master_C_file.o
                0x000028fe                I2C_Init
 .text.I2C_Repeated_Start
                0x0000290a       0x4c lib/I2C_Master_C_file.o
                0x0000290a                I2C_Repeated_Start
 .text.I2C_Stop
                0x00002956       0x12 lib/I2C_Master_C_file.o
                0x00002956                I2C_Stop
 .text.I2C_Start_Wait
                0x00002968       0x78 lib/I2C_Master_C_file.o
                0x00002968                I2C_Start_Wait
 .text.I2C_Write
                0x000029e0       0x2e lib/I2C_Master_C_file.o
                0x000029e0                I2C_Write
 .text.I2C_Read_Ack
                0x00002a0e       0x16 lib/I2C_Master_C_file.o
                0x00002a0e                I2C_Read_Ack
 .text.I2C_Read_Nack
                0x00002a24       0x16 lib/I2C_Master_C_file.o
                0x00002a24                I2C_Read_Nack
 .text.UART_init
                0x00002a3a       0x1e lib/uart.o
                0x00002a3a                UART_init
 .text.UART_send
                0x00002a58       0x10 lib/uart.o
                0x00002a58                UART_send
 .text.UART_putstring
                0x00002a68       0x1e lib/uart.o
                0x00002a68                UART_putstring
 .text.avr-libc.fplib
                0x00002a86        0xe c:/program files (x86)/atmel/studio/7.0/toolchain/avr8/avr8-gnu-toolchain/bin/../lib/gcc/avr/5.4.0/../../../../avr/lib/avr5\libm.a(addsf3.o)
                0x00002a86                __subsf3
                0x00002a88                __addsf3
 .text.avr-libc.fplib
                0x00002a94       0xcc c:/program files (x86)/atmel/studio/7.0/toolchain/avr8/avr8-gnu-toolchain/bin/../lib/gcc/avr/5.4.0/../../../../avr/lib/avr5\libm.a(addsf3x.o)
                0x00002ab6                __addsf3x
 .text.avr-libc.fplib
                0x00002b60       0x36 c:/program files (x86)/atmel/studio/7.0/toolchain/avr8/avr8-gnu-toolchain/bin/../lib/gcc/avr/5.4.0/../../../../avr/lib/avr5\libm.a(asin.o)
                0x00002b60                asin
 .text.avr-libc.fplib
                0x00002b96       0x86 c:/program files (x86)/atmel/studio/7.0/toolchain/avr8/avr8-gnu-toolchain/bin/../lib/gcc/avr/5.4.0/../../../../avr/lib/avr5\libm.a(atan2.o)
                0x00002bbc                atan2
 .text.avr-libc.fplib
                0x00002c1c       0x5e c:/program files (x86)/atmel/studio/7.0/toolchain/avr8/avr8-gnu-toolchain/bin/../lib/gcc/avr/5.4.0/../../../../avr/lib/avr5\libm.a(atan.o)
                0x00002c1c                atan
 .text.avr-libc.fplib
                0x00002c7a        0xa c:/program files (x86)/atmel/studio/7.0/toolchain/avr8/avr8-gnu-toolchain/bin/../lib/gcc/avr/5.4.0/../../../../avr/lib/avr5\libm.a(cmpsf2.o)
                0x00002c7a                __nesf2
                0x00002c7a                __eqsf2
                0x00002c7a                __cmpsf2
                0x00002c7a                __ltsf2
                0x00002c7a                __lesf2
 .text.avr-libc.fplib
                0x00002c84        0x8 c:/program files (x86)/atmel/studio/7.0/toolchain/avr8/avr8-gnu-toolchain/bin/../lib/gcc/avr/5.4.0/../../../../avr/lib/avr5\libm.a(divsf3.o)
                0x00002c84                __divsf3
 .text.avr-libc.fplib
                0x00002c8c       0xdc c:/program files (x86)/atmel/studio/7.0/toolchain/avr8/avr8-gnu-toolchain/bin/../lib/gcc/avr/5.4.0/../../../../avr/lib/avr5\libm.a(divsf3x.o)
                0x00002cac                __divsf3x
                0x00002cb2                __divsf3_pse
 .text.avr-libc.fplib
                0x00002d68       0x7a c:/program files (x86)/atmel/studio/7.0/toolchain/avr8/avr8-gnu-toolchain/bin/../lib/gcc/avr/5.4.0/../../../../avr/lib/avr5\libm.a(floatsisf.o)
                0x00002d68                __floatunsisf
                0x00002d6c                __floatsisf
 .text.avr-libc.fplib
                0x00002de2       0x40 c:/program files (x86)/atmel/studio/7.0/toolchain/avr8/avr8-gnu-toolchain/bin/../lib/gcc/avr/5.4.0/../../../../avr/lib/avr5\libm.a(fp_arccos.o)
                0x00002de2                __fp_arccos
 .text.avr-libc.fplib
                0x00002e22       0x48 c:/program files (x86)/atmel/studio/7.0/toolchain/avr8/avr8-gnu-toolchain/bin/../lib/gcc/avr/5.4.0/../../../../avr/lib/avr5\libm.a(fp_cmp.o)
                0x00002e22                __fp_cmp
 .text.avr-libc.fplib
                0x00002e6a        0xc c:/program files (x86)/atmel/studio/7.0/toolchain/avr8/avr8-gnu-toolchain/bin/../lib/gcc/avr/5.4.0/../../../../avr/lib/avr5\libm.a(fp_inf.o)
                0x00002e6a                __fp_inf
 .text.avr-libc.fplib
                0x00002e76        0x6 c:/program files (x86)/atmel/studio/7.0/toolchain/avr8/avr8-gnu-toolchain/bin/../lib/gcc/avr/5.4.0/../../../../avr/lib/avr5\libm.a(fp_nan.o)
                0x00002e76                __fp_nan
 .text.avr-libc.fplib
                0x00002e7c       0x4e c:/program files (x86)/atmel/studio/7.0/toolchain/avr8/avr8-gnu-toolchain/bin/../lib/gcc/avr/5.4.0/../../../../avr/lib/avr5\libm.a(fp_powser.o)
                0x00002e7c                __fp_powser
 .text.avr-libc.fplib
                0x00002eca       0x28 c:/program files (x86)/atmel/studio/7.0/toolchain/avr8/avr8-gnu-toolchain/bin/../lib/gcc/avr/5.4.0/../../../../avr/lib/avr5\libm.a(fp_powsodd.o)
                0x00002eca                __fp_powsodd
 .text.avr-libc.fplib
                0x00002ef2        0xe c:/program files (x86)/atmel/studio/7.0/toolchain/avr8/avr8-gnu-toolchain/bin/../lib/gcc/avr/5.4.0/../../../../avr/lib/avr5\libm.a(fp_pscA.o)
                0x00002ef2                __fp_pscA
 .text.avr-libc.fplib
                0x00002f00        0xe c:/program files (x86)/atmel/studio/7.0/toolchain/avr8/avr8-gnu-toolchain/bin/../lib/gcc/avr/5.4.0/../../../../avr/lib/avr5\libm.a(fp_pscB.o)
                0x00002f00                __fp_pscB
 .text.avr-libc.fplib
                0x00002f0e       0x22 c:/program files (x86)/atmel/studio/7.0/toolchain/avr8/avr8-gnu-toolchain/bin/../lib/gcc/avr/5.4.0/../../../../avr/lib/avr5\libm.a(fp_round.o)
                0x00002f0e                __fp_round
 .text.avr-libc.fplib
                0x00002f30       0x44 c:/program files (x86)/atmel/studio/7.0/toolchain/avr8/avr8-gnu-toolchain/bin/../lib/gcc/avr/5.4.0/../../../../avr/lib/avr5\libm.a(fp_split3.o)
                0x00002f30                __fp_split3
                0x00002f40                __fp_splitA
 .text.avr-libc.fplib
                0x00002f74        0xe c:/program files (x86)/atmel/studio/7.0/toolchain/avr8/avr8-gnu-toolchain/bin/../lib/gcc/avr/5.4.0/../../../../avr/lib/avr5\libm.a(fp_zero.o)
                0x00002f74                __fp_zero
                0x00002f76                __fp_szero
 .text.avr-libc.fplib
                0x00002f82       0x10 c:/program files (x86)/atmel/studio/7.0/toolchain/avr8/avr8-gnu-toolchain/bin/../lib/gcc/avr/5.4.0/../../../../avr/lib/avr5\libm.a(inverse.o)
                0x00002f82                inverse
 .text.avr-libc.fplib
                0x00002f92        0x8 c:/program files (x86)/atmel/studio/7.0/toolchain/avr8/avr8-gnu-toolchain/bin/../lib/gcc/avr/5.4.0/../../../../avr/lib/avr5\libm.a(mulsf3.o)
                0x00002f92                __mulsf3
 .text.avr-libc.fplib
                0x00002f9a       0xd2 c:/program files (x86)/atmel/studio/7.0/toolchain/avr8/avr8-gnu-toolchain/bin/../lib/gcc/avr/5.4.0/../../../../avr/lib/avr5\libm.a(mulsf3x.o)
                0x00002fb8                __mulsf3x
                0x00002fbe                __mulsf3_pse
 .text.avr-libc.fplib
                0x0000306c       0x8c c:/program files (x86)/atmel/studio/7.0/toolchain/avr8/avr8-gnu-toolchain/bin/../lib/gcc/avr/5.4.0/../../../../avr/lib/avr5\libm.a(sqrt.o)
                0x00003078                sqrtf
                0x00003078                sqrt
 .text.avr-libc.fplib
                0x000030f8        0x8 c:/program files (x86)/atmel/studio/7.0/toolchain/avr8/avr8-gnu-toolchain/bin/../lib/gcc/avr/5.4.0/../../../../avr/lib/avr5\libm.a(square.o)
                0x000030f8                square
 .text.avr-libc.fplib
                0x00003100       0x1c c:/program files (x86)/atmel/studio/7.0/toolchain/avr8/avr8-gnu-toolchain/bin/../lib/gcc/avr/5.4.0/../../../../avr/lib/avr5\libm.a(fp_mpack.o)
                0x00003100                __fp_mpack
                0x00003104                __fp_mpack_finite
 .text.avr-libc.fplib
                0x0000311c        0xe c:/program files (x86)/atmel/studio/7.0/toolchain/avr8/avr8-gnu-toolchain/bin/../lib/gcc/avr/5.4.0/../../../../avr/lib/avr5\libm.a(fp_norm2.o)
                0x0000311c                __fp_norm2
 .text.libgcc   0x0000312a        0xc c:/program files (x86)/atmel/studio/7.0/toolchain/avr8/avr8-gnu-toolchain/bin/../lib/gcc/avr/5.4.0/avr5\libgcc.a(_tablejump2.o)
                0x0000312a                __tablejump2__
 .text.avr-libc
                0x00003136      0x242 c:/program files (x86)/atmel/studio/7.0/toolchain/avr8/avr8-gnu-toolchain/bin/../lib/gcc/avr/5.4.0/../../../../avr/lib/avr5\libc.a(malloc.o)
                0x00003136                malloc
                0x00003266                free
 .text.avr-libc
                0x00003378       0x12 c:/program files (x86)/atmel/studio/7.0/toolchain/avr8/avr8-gnu-toolchain/bin/../lib/gcc/avr/5.4.0/../../../../avr/lib/avr5\libc.a(memcpy.o)
                0x00003378                memcpy
 .text.avr-libc
                0x0000338a        0xe c:/program files (x86)/atmel/studio/7.0/toolchain/avr8/avr8-gnu-toolchain/bin/../lib/gcc/avr/5.4.0/../../../../avr/lib/avr5\libc.a(memset.o)
                0x0000338a                memset
 .text.avr-libc
                0x00003398       0x44 c:/program files (x86)/atmel/studio/7.0/toolchain/avr8/avr8-gnu-toolchain/bin/../lib/gcc/avr/5.4.0/../../../../avr/lib/avr5\libc.a(sprintf.o)
                0x00003398                sprintf
 .text.avr-libc
                0x000033dc      0x3c2 c:/program files (x86)/atmel/studio/7.0/toolchain/avr8/avr8-gnu-toolchain/bin/../lib/gcc/avr/5.4.0/../../../../avr/lib/avr5\libc.a(vfprintf_std.o)
                0x000033dc                vfprintf
 .text.avr-libc
                0x0000379e       0x16 c:/program files (x86)/atmel/studio/7.0/toolchain/avr8/avr8-gnu-toolchain/bin/../lib/gcc/avr/5.4.0/../../../../avr/lib/avr5\libc.a(strnlen_P.o)
                0x0000379e                strnlen_P
 .text.avr-libc
                0x000037b4       0x16 c:/program files (x86)/atmel/studio/7.0/toolchain/avr8/avr8-gnu-toolchain/bin/../lib/gcc/avr/5.4.0/../../../../avr/lib/avr5\libc.a(strnlen.o)
                0x000037b4                strnlen
 .text.avr-libc
                0x000037ca       0x78 c:/program files (x86)/atmel/studio/7.0/toolchain/avr8/avr8-gnu-toolchain/bin/../lib/gcc/avr/5.4.0/../../../../avr/lib/avr5\libc.a(fputc.o)
                0x000037ca                fputc
 .text.avr-libc
                0x00003842       0xbc c:/program files (x86)/atmel/studio/7.0/toolchain/avr8/avr8-gnu-toolchain/bin/../lib/gcc/avr/5.4.0/../../../../avr/lib/avr5\libc.a(ultoa_invert.o)
                0x00003842                __ultoa_invert
 .text.libgcc.prologue
                0x000038fe       0x38 c:/program files (x86)/atmel/studio/7.0/toolchain/avr8/avr8-gnu-toolchain/bin/../lib/gcc/avr/5.4.0/avr5\libgcc.a(_prologue.o)
                0x000038fe                __prologue_saves__
 .text.libgcc.prologue
                0x00003936       0x36 c:/program files (x86)/atmel/studio/7.0/toolchain/avr8/avr8-gnu-toolchain/bin/../lib/gcc/avr/5.4.0/avr5\libgcc.a(_epilogue.o)
                0x00003936                __epilogue_restores__
                0x0000396c                . = ALIGN (0x2)
 *(.fini9)
 .fini9         0x0000396c        0x0 c:/program files (x86)/atmel/studio/7.0/toolchain/avr8/avr8-gnu-toolchain/bin/../lib/gcc/avr/5.4.0/avr5\libgcc.a(_exit.o)
                0x0000396c                _exit
                0x0000396c                exit
 *(.fini9)
 *(.fini8)
 *(.fini8)
 *(.fini7)
 *(.fini7)
 *(.fini6)
 *(.fini6)
 *(.fini5)
 *(.fini5)
 *(.fini4)
 *(.fini4)
 *(.fini3)
 *(.fini3)
 *(.fini2)
 *(.fini2)
 *(.fini1)
 *(.fini1)
 *(.fini0)
 .fini0         0x0000396c        0x4 c:/program files (x86)/atmel/studio/7.0/toolchain/avr8/avr8-gnu-toolchain/bin/../lib/gcc/avr/5.4.0/avr5\libgcc.a(_exit.o)
 *(.fini0)
                0x00003970                _etext = .

.data           0x00800100       0x50 load address 0x00003970
                0x00800100                PROVIDE (__data_start, .)
 *(.data)
 .data          0x00800100        0x6 c:/program files (x86)/atmel/studio/7.0/toolchain/avr8/avr8-gnu-toolchain/bin/../lib/gcc/avr/5.4.0/../../../../avr/lib/avr5\libc.a(malloc.o)
                0x00800100                __malloc_heap_end
                0x00800102                __malloc_heap_start
                0x00800104                __malloc_margin
 *(.data*)
 .data.q0       0x00800106        0x4 include/MahonyIMU.o
                0x00800106                q0
 .data.GyroData
                0x0080010a        0xc include/mpu6050.o
                0x0080010a                GyroData
 .data.AccData  0x00800116        0xc include/mpu6050.o
                0x00800116                AccData
 *(.gnu.linkonce.d*)
 *(.rodata)
 *(.rodata*)
 .rodata.str1.1
                0x00800122       0x20 App/task.o
 .rodata.str1.1
                0x00800142        0x5 FreeRTOS/tasks.o
 .rodata.str1.1
                0x00800147        0x8 FreeRTOS/timers.o
 *(.gnu.linkonce.r*)
                0x00800150                . = ALIGN (0x2)
 *fill*         0x0080014f        0x1 
                0x00800150                _edata = .
                0x00800150                PROVIDE (__data_end, .)

.bss            0x00800150       0xe9
                0x00800150                PROVIDE (__bss_start, .)
 *(.bss)
 *(.bss*)
 .bss.integralFBz
                0x00800150        0x4 include/MahonyIMU.o
                0x00800150                integralFBz
 .bss.integralFBy
                0x00800154        0x4 include/MahonyIMU.o
                0x00800154                integralFBy
 .bss.integralFBx
                0x00800158        0x4 include/MahonyIMU.o
                0x00800158                integralFBx
 .bss.q3        0x0080015c        0x4 include/MahonyIMU.o
                0x0080015c                q3
 .bss.q2        0x00800160        0x4 include/MahonyIMU.o
                0x00800160                q2
 .bss.q1        0x00800164        0x4 include/MahonyIMU.o
                0x00800164                q1
 .bss.sum_gyro_cal_sum.2284
                0x00800168        0xc include/mpu6050.o
 .bss.sum_acc_cal_sum.2283
                0x00800174        0xc include/mpu6050.o
 .bss.uxSchedulerSuspended
                0x00800180        0x1 FreeRTOS/tasks.o
 .bss.xIdleTaskHandle
                0x00800181        0x2 FreeRTOS/tasks.o
 .bss.xNextTaskUnblockTime
                0x00800183        0x2 FreeRTOS/tasks.o
 .bss.uxTaskNumber
                0x00800185        0x1 FreeRTOS/tasks.o
 .bss.xNumOfOverflows
                0x00800186        0x1 FreeRTOS/tasks.o
 .bss.xYieldPending
                0x00800187        0x1 FreeRTOS/tasks.o
 .bss.xPendedTicks
                0x00800188        0x2 FreeRTOS/tasks.o
 .bss.xSchedulerRunning
                0x0080018a        0x1 FreeRTOS/tasks.o
 .bss.uxTopReadyPriority
                0x0080018b        0x1 FreeRTOS/tasks.o
 .bss.xTickCount
                0x0080018c        0x2 FreeRTOS/tasks.o
 .bss.uxCurrentNumberOfTasks
                0x0080018e        0x1 FreeRTOS/tasks.o
 .bss.xSuspendedTaskList
                0x0080018f        0x9 FreeRTOS/tasks.o
 .bss.uxDeletedTasksWaitingCleanUp
                0x00800198        0x1 FreeRTOS/tasks.o
 .bss.xTasksWaitingTermination
                0x00800199        0x9 FreeRTOS/tasks.o
 .bss.xPendingReadyList
                0x008001a2        0x9 FreeRTOS/tasks.o
 .bss.pxOverflowDelayedTaskList
                0x008001ab        0x2 FreeRTOS/tasks.o
 .bss.pxDelayedTaskList
                0x008001ad        0x2 FreeRTOS/tasks.o
 .bss.xDelayedTaskList2
                0x008001af        0x9 FreeRTOS/tasks.o
 .bss.xDelayedTaskList1
                0x008001b8        0x9 FreeRTOS/tasks.o
 .bss.pxReadyTasksLists
                0x008001c1       0x24 FreeRTOS/tasks.o
 .bss.pxCurrentTCB
                0x008001e5        0x2 FreeRTOS/tasks.o
                0x008001e5                pxCurrentTCB
 .bss.xLastTime.2416
                0x008001e7        0x2 FreeRTOS/timers.o
 .bss.xTimerTaskHandle
                0x008001e9        0x2 FreeRTOS/timers.o
 .bss.xTimerQueue
                0x008001eb        0x2 FreeRTOS/timers.o
 .bss.pxOverflowTimerList
                0x008001ed        0x2 FreeRTOS/timers.o
 .bss.pxCurrentTimerList
                0x008001ef        0x2 FreeRTOS/timers.o
 .bss.xActiveTimerList2
                0x008001f1        0x9 FreeRTOS/timers.o
 .bss.xActiveTimerList1
                0x008001fa        0x9 FreeRTOS/timers.o
 *(COMMON)
 COMMON         0x00800203        0xa App/main.o
                0x00800203                MyString
 COMMON         0x0080020d       0x28 include/mpu6050.o
                0x0080020d                Angle
                0x00800219                Temperature
                0x0080021d                acc_calib
                0x00800229                gyro_calib
 COMMON         0x00800235        0x4 c:/program files (x86)/atmel/studio/7.0/toolchain/avr8/avr8-gnu-toolchain/bin/../lib/gcc/avr/5.4.0/../../../../avr/lib/avr5\libc.a(malloc.o)
                0x00800235                __brkval
                0x00800237                __flp
                0x00800239                PROVIDE (__bss_end, .)
                0x00003970                __data_load_start = LOADADDR (.data)
                0x000039c0                __data_load_end = (__data_load_start + SIZEOF (.data))

.noinit         0x00800239        0x0
                [!provide]                PROVIDE (__noinit_start, .)
 *(.noinit*)
                [!provide]                PROVIDE (__noinit_end, .)
                0x00800239                _end = .
                0x00800239                PROVIDE (__heap_start, .)

.eeprom         0x00810000        0x0
 *(.eeprom*)
                0x00810000                __eeprom_end = .

.fuse
 *(.fuse)
 *(.lfuse)
 *(.hfuse)
 *(.efuse)

.lock
 *(.lock*)

.signature
 *(.signature*)

.user_signatures
 *(.user_signatures*)

.stab
 *(.stab)

.stabstr
 *(.stabstr)

.stab.excl
 *(.stab.excl)

.stab.exclstr
 *(.stab.exclstr)

.stab.index
 *(.stab.index)

.stab.indexstr
 *(.stab.indexstr)

.comment        0x00000000       0x5c
 *(.comment)
 .comment       0x00000000       0x30 App/main.o
                                 0x31 (size before relaxing)
 .comment       0x00000030       0x31 App/task.o
 .comment       0x00000030       0x31 include/MahonyIMU.o
 .comment       0x00000030       0x31 include/mpu6050.o
 .comment       0x00000030       0x31 FreeRTOS/heap_3.o
 .comment       0x00000030       0x31 FreeRTOS/hooks.o
 .comment       0x00000030       0x31 FreeRTOS/list.o
 .comment       0x00000030       0x31 FreeRTOS/port.o
 .comment       0x00000030       0x31 FreeRTOS/queue.o
 .comment       0x00000030       0x31 FreeRTOS/tasks.o
 .comment       0x00000030       0x31 FreeRTOS/timers.o
 .comment       0x00000030       0x31 lib/I2C_Master_C_file.o
 .comment       0x00000030       0x31 lib/uart.o
 .comment       0x00000030       0x31 c:/program files (x86)/atmel/studio/7.0/toolchain/avr8/avr8-gnu-toolchain/bin/../lib/gcc/avr/5.4.0/../../../../avr/lib/avr5\libc.a(malloc.o)
 .comment       0x00000030       0x31 c:/program files (x86)/atmel/studio/7.0/toolchain/avr8/avr8-gnu-toolchain/bin/../lib/gcc/avr/5.4.0/../../../../avr/lib/avr5\libc.a(sprintf.o)
 .comment       0x00000030       0x2c c:/program files (x86)/atmel/studio/7.0/toolchain/avr8/avr8-gnu-toolchain/bin/../lib/gcc/avr/5.4.0/../../../../avr/lib/avr5\libc.a(vfprintf_std.o)
                                 0x2d (size before relaxing)
 .comment       0x0000005c       0x31 c:/program files (x86)/atmel/studio/7.0/toolchain/avr8/avr8-gnu-toolchain/bin/../lib/gcc/avr/5.4.0/../../../../avr/lib/avr5\libc.a(fputc.o)

.note.gnu.avr.deviceinfo
                0x00000000       0x40
 .note.gnu.avr.deviceinfo
                0x00000000       0x40 C:/Program Files (x86)/Atmel/Studio/7.0/Packs/atmel/ATmega_DFP/1.3.300/gcc/dev/atmega328p/avr5/crtatmega328p.o

.note.gnu.build-id
 *(.note.gnu.build-id)

.debug
 *(.debug)

.line
 *(.line)

.debug_srcinfo
 *(.debug_srcinfo)

.debug_sfnames
 *(.debug_sfnames)

.debug_aranges  0x00000000      0x540
 *(.debug_aranges)
 .debug_aranges
                0x00000000       0x20 App/main.o
 .debug_aranges
                0x00000020       0x38 App/task.o
 .debug_aranges
                0x00000058       0x30 include/MahonyIMU.o
 .debug_aranges
                0x00000088       0x38 include/mpu6050.o
 .debug_aranges
                0x000000c0       0x28 FreeRTOS/heap_3.o
 .debug_aranges
                0x000000e8       0x30 FreeRTOS/hooks.o
 .debug_aranges
                0x00000118       0x40 FreeRTOS/list.o
 .debug_aranges
                0x00000158       0x50 FreeRTOS/port.o
 .debug_aranges
                0x000001a8       0xe0 FreeRTOS/queue.o
 .debug_aranges
                0x00000288      0x198 FreeRTOS/tasks.o
 .debug_aranges
                0x00000420       0x98 FreeRTOS/timers.o
 .debug_aranges
                0x000004b8       0x58 lib/I2C_Master_C_file.o
 .debug_aranges
                0x00000510       0x30 lib/uart.o

.debug_pubnames
 *(.debug_pubnames)

.debug_info     0x00000000     0x6a59
 *(.debug_info .gnu.linkonce.wi.*)
 .debug_info    0x00000000      0x5f4 C:/Program Files (x86)/Atmel/Studio/7.0/Packs/atmel/ATmega_DFP/1.3.300/gcc/dev/atmega328p/avr5/crtatmega328p.o
 .debug_info    0x000005f4      0x152 App/main.o
 .debug_info    0x00000746      0x46e App/task.o
 .debug_info    0x00000bb4      0x2fc include/MahonyIMU.o
 .debug_info    0x00000eb0      0x5de include/mpu6050.o
 .debug_info    0x0000148e      0x19f FreeRTOS/heap_3.o
 .debug_info    0x0000162d      0x1df FreeRTOS/hooks.o
 .debug_info    0x0000180c      0x2e3 FreeRTOS/list.o
 .debug_info    0x00001aef      0x2b7 FreeRTOS/port.o
 .debug_info    0x00001da6     0x1838 FreeRTOS/queue.o
 .debug_info    0x000035de     0x215e FreeRTOS/tasks.o
 .debug_info    0x0000573c     0x1055 FreeRTOS/timers.o
 .debug_info    0x00006791      0x1c9 lib/I2C_Master_C_file.o
 .debug_info    0x0000695a       0xff lib/uart.o

.debug_abbrev   0x00000000     0x1920
 *(.debug_abbrev)
 .debug_abbrev  0x00000000      0x5a2 C:/Program Files (x86)/Atmel/Studio/7.0/Packs/atmel/ATmega_DFP/1.3.300/gcc/dev/atmega328p/avr5/crtatmega328p.o
 .debug_abbrev  0x000005a2       0xd9 App/main.o
 .debug_abbrev  0x0000067b      0x12a App/task.o
 .debug_abbrev  0x000007a5      0x120 include/MahonyIMU.o
 .debug_abbrev  0x000008c5      0x1ac include/mpu6050.o
 .debug_abbrev  0x00000a71      0x107 FreeRTOS/heap_3.o
 .debug_abbrev  0x00000b78       0xe9 FreeRTOS/hooks.o
 .debug_abbrev  0x00000c61       0xff FreeRTOS/list.o
 .debug_abbrev  0x00000d60      0x158 FreeRTOS/port.o
 .debug_abbrev  0x00000eb8      0x2c9 FreeRTOS/queue.o
 .debug_abbrev  0x00001181      0x32b FreeRTOS/tasks.o
 .debug_abbrev  0x000014ac      0x30f FreeRTOS/timers.o
 .debug_abbrev  0x000017bb       0xc6 lib/I2C_Master_C_file.o
 .debug_abbrev  0x00001881       0x9f lib/uart.o

.debug_line     0x00000000     0x383b
 *(.debug_line .debug_line.* .debug_line_end)
 .debug_line    0x00000000      0x133 C:/Program Files (x86)/Atmel/Studio/7.0/Packs/atmel/ATmega_DFP/1.3.300/gcc/dev/atmega328p/avr5/crtatmega328p.o
 .debug_line    0x00000133       0xe5 App/main.o
 .debug_line    0x00000218      0x1f0 App/task.o
 .debug_line    0x00000408      0x1b9 include/MahonyIMU.o
 .debug_line    0x000005c1      0x2dd include/mpu6050.o
 .debug_line    0x0000089e      0x171 FreeRTOS/heap_3.o
 .debug_line    0x00000a0f      0x1b9 FreeRTOS/hooks.o
 .debug_line    0x00000bc8      0x1d6 FreeRTOS/list.o
 .debug_line    0x00000d9e      0x270 FreeRTOS/port.o
 .debug_line    0x0000100e      0xba5 FreeRTOS/queue.o
 .debug_line    0x00001bb3     0x1309 FreeRTOS/tasks.o
 .debug_line    0x00002ebc      0x559 FreeRTOS/timers.o
 .debug_line    0x00003415      0x31d lib/I2C_Master_C_file.o
 .debug_line    0x00003732      0x109 lib/uart.o

.debug_frame    0x00000000     0x108c
 *(.debug_frame)
 .debug_frame   0x00000000       0x24 App/main.o
 .debug_frame   0x00000024       0x94 App/task.o
 .debug_frame   0x000000b8      0x108 include/MahonyIMU.o
 .debug_frame   0x000001c0       0xfc include/mpu6050.o
 .debug_frame   0x000002bc       0x4c FreeRTOS/heap_3.o
 .debug_frame   0x00000308       0x44 FreeRTOS/hooks.o
 .debug_frame   0x0000034c       0x88 FreeRTOS/list.o
 .debug_frame   0x000003d4       0x84 FreeRTOS/port.o
 .debug_frame   0x00000458      0x394 FreeRTOS/queue.o
 .debug_frame   0x000007ec      0x5d0 FreeRTOS/tasks.o
 .debug_frame   0x00000dbc      0x1bc FreeRTOS/timers.o
 .debug_frame   0x00000f78       0xc4 lib/I2C_Master_C_file.o
 .debug_frame   0x0000103c       0x50 lib/uart.o

.debug_str      0x00000000     0x1e8d
 *(.debug_str)
 .debug_str     0x00000000      0x208 C:/Program Files (x86)/Atmel/Studio/7.0/Packs/atmel/ATmega_DFP/1.3.300/gcc/dev/atmega328p/avr5/crtatmega328p.o
 .debug_str     0x00000208      0x1ab App/main.o
                                0x1e4 (size before relaxing)
 .debug_str     0x000003b3      0x17b App/task.o
                                0x322 (size before relaxing)
 .debug_str     0x0000052e       0x9a include/MahonyIMU.o
                                0x23e (size before relaxing)
 .debug_str     0x000005c8      0x11b include/mpu6050.o
                                0x2d5 (size before relaxing)
 .debug_str     0x000006e3       0x90 FreeRTOS/heap_3.o
                                0x21b (size before relaxing)
 .debug_str     0x00000773       0x80 FreeRTOS/hooks.o
                                0x284 (size before relaxing)
 .debug_str     0x000007f3      0x13c FreeRTOS/list.o
                                0x2e9 (size before relaxing)
 .debug_str     0x0000092f      0x130 FreeRTOS/port.o
                                0x2eb (size before relaxing)
 .debug_str     0x00000a5f      0x6a1 FreeRTOS/queue.o
                                0x9b5 (size before relaxing)
 .debug_str     0x00001100      0x8ea FreeRTOS/tasks.o
                                0xf03 (size before relaxing)
 .debug_str     0x000019ea      0x41a FreeRTOS/timers.o
                                0x863 (size before relaxing)
 .debug_str     0x00001e04       0x58 lib/I2C_Master_C_file.o
                                0x23b (size before relaxing)
 .debug_str     0x00001e5c       0x31 lib/uart.o
                                0x1d9 (size before relaxing)

.debug_loc      0x00000000     0x6105
 *(.debug_loc)
 .debug_loc     0x00000000      0x186 App/task.o
 .debug_loc     0x00000186      0x67b include/MahonyIMU.o
 .debug_loc     0x00000801      0x385 include/mpu6050.o
 .debug_loc     0x00000b86      0x102 FreeRTOS/heap_3.o
 .debug_loc     0x00000c88       0xb4 FreeRTOS/hooks.o
 .debug_loc     0x00000d3c      0x145 FreeRTOS/list.o
 .debug_loc     0x00000e81       0xcf FreeRTOS/port.o
 .debug_loc     0x00000f50     0x1cfc FreeRTOS/queue.o
 .debug_loc     0x00002c4c     0x2586 FreeRTOS/tasks.o
 .debug_loc     0x000051d2      0xc0d FreeRTOS/timers.o
 .debug_loc     0x00005ddf      0x27f lib/I2C_Master_C_file.o
 .debug_loc     0x0000605e       0xa7 lib/uart.o

.debug_macinfo
 *(.debug_macinfo)

.debug_weaknames
 *(.debug_weaknames)

.debug_funcnames
 *(.debug_funcnames)

.debug_typenames
 *(.debug_typenames)

.debug_varnames
 *(.debug_varnames)

.debug_pubtypes
 *(.debug_pubtypes)

.debug_ranges   0x00000000      0x5d8
 *(.debug_ranges)
 .debug_ranges  0x00000000       0x10 App/main.o
 .debug_ranges  0x00000010       0x28 App/task.o
 .debug_ranges  0x00000038       0x20 include/MahonyIMU.o
 .debug_ranges  0x00000058       0x28 include/mpu6050.o
 .debug_ranges  0x00000080       0x18 FreeRTOS/heap_3.o
 .debug_ranges  0x00000098       0x20 FreeRTOS/hooks.o
 .debug_ranges  0x000000b8       0x30 FreeRTOS/list.o
 .debug_ranges  0x000000e8       0x40 FreeRTOS/port.o
 .debug_ranges  0x00000128      0x160 FreeRTOS/queue.o
 .debug_ranges  0x00000288      0x200 FreeRTOS/tasks.o
 .debug_ranges  0x00000488       0xe8 FreeRTOS/timers.o
 .debug_ranges  0x00000570       0x48 lib/I2C_Master_C_file.o
 .debug_ranges  0x000005b8       0x20 lib/uart.o

.debug_macro
 *(.debug_macro)
OUTPUT(Pantilt.elf elf32-avr)
LOAD linker stubs
